4225
1770
69232
6555
2556
11083
28252
21044
54188
6281
50481
93710
13436
48174
67445
7444
85148
8128
39936
21316
35472
15434
43876
15532
8256
7083
36888
31040
12996
5671
5995
1830
18496
5778
9379
6724
5356
89378
6104
21706
7260
53239
4356
8100
1540
15632
22652
11979
1540
20736
14293
12544
5671
5565
3403
4656
10816
7503
2415
73456
2485
7396
11335
5995
3655
55574
6307
3741
6704
2926
52036
5253
36087
43457
15376
12544
18343
5329
8182
26788
10609
74404
49363
43320
7381
10554
68977
16129
95166
5995
1540
20022
41948
15532
4656
2556
4851
50338
7750
97903
