676
324
196
676
120
144
804
1134
729
351
81
171
1025
105
714
1404
441
210
406
78
1698
378
1013
624
548
883
576
234
100
400
210
234
400
324
1854
406
991
1404
1477
288
188
286
1544
279
276
378
748
289
441
253
286
361
1698
904
474
806
904
120
1854
1544
904
132
219
120
361
225
1404
55
324
474
81
625
169
1004
144
289
378
120
361
113
120
234
871
256
188
389
153
441
625
276
714
387
325
169
190
1854
576
548
361
100
300
576
183
121
66
484
576
109
501
1134
234
231
169
400
768
400
806
276
234
324
625
564
1405
91
188
434
834
196
188
1592
100
676
696
113
361
806
190
790
66
153
624
276
646
234
576
1004
806
324
312
120
144
1544
1854
784
361
55
81
676
1004
1404
729
1642
325
289
1544
806
319
324
1605
806
624
474
406
188
171
100
231
563
210
196
210
66
144
426
253
78
1004
171
528
98
120
144
136
78
406
55
676
529
1018
474
454
954
484
982
548
256
1064
1499
351
378
474
231
624
378
1698
383
548
484
126
484
529
144
55
1612
210
677
548
1390
188
1404
548
169
120
1004
751
624
340
548
91
425
105
406
474
406
286
806
576
484
55
406
1698
310
711
590
275
529
1698
91
1134
207
45
121
404
45
625
904
210
714
1355
576
1624
411
78
865
171
256
1136
55
190
1163
729
1134
324
91
1865
293
806
100
437
114
144
130
784
120
144
1314
91
324
81
253
729
428
809
1134
541
340
286
361
657
406
300
325
286
100
136
384
1567
400
225
637
196
473
234
114
474
624
400
144
325
144
91
276
196
78
190
45
1004
340
188
441
625
171
140
78
1229
225
300
474
576
484
523
1429
231
1059
120
441
144
103
78
529
190
78
276
1082
387
1148
55
474
286
361
45
78
286
676
340
1698
1666
171
889
1134
136
136
1544
361
1099
144
914
443
279
325
361
325
1201
171
1404
529
136
300
717
361
55
406
55
144
621
361
505
55
184
286
248
264
781
144
1001
153
66
144
628
904
135
45
100
1004
120
225
548
101
225
904
484
474
169
624
714
231
351
114
400
540
1126
406
87
182
110
351
576
324
1004
91
806
1004
1310
1266
1139
1057
196
1854
340
66
992
400
196
220
105
1854
1504
224
625
406
676
120
548
171
576
625
1057
400
624
351
406
669
1544
625
136
406
169
289
234
591
121
153
439
144
806
171
784
1061
714
210
806
66
300
325
767
729
714
729
66
225
378
234
807
548
260
190
1134
340
729
625
45
894
406
1096
144
1266
114
406
1255
105
624
153
190
474
400
76
1021
529
144
904
234
676
1004
714
390
111
253
289
1026
171
1004
78
276
196
1134
305
225
1854
231
340
1282
548
276
300
400
325
210
101
276
78
1404
136
1004
459
157
1583
441
100
55
100
1404
325
1004
465
402
182
1307
55
784
1360
210
1134
594
548
763
361
340
1576
289
406
529
256
1021
225
378
231
153
300
676
114
81
266
625
153
351
406
406
171
1127
1268
234
399
948
204
171
256
1298
625
186
1854
624
1544
536
121
289
626
121
171
406
637
1134
441
1067
55
256
325
624
196
1698
515
1004
625
121
253
45
659
301
324
55
1854
196
153
548
153
1698
936
120
114
234
806
256
45
714
441
702
188
150
1004
1698
286
1544
188
91
784
624
784
187
491
225
529
78
1404
1698
1253
91
120
289
121
624
171
468
784
325
253
1404
340
340
784
253
121
784
289
892
625
625
406
1240
406
190
144
341
151
484
66
231
1004
351
906
144
55
105
484
196
1544
1503
144
548
576
153
234
1134
253
302
171
325
714
144
225
784
529
441
125
188
851
529
1134
1571
169
91
105
81
600
585
114
100
289
120
1404
474
361
1163
784
169
548
1544
441
806
548
408
128
576
196
45
1333
716
598
784
289
421
225
114
169
316
625
121
1225
474
1168
325
81
563
100
324
787
169
1404
576
81
190
1036
406
66
210
723
1134
100
514
81
729
1178
102
734
231
190
416
1597
144
1266
351
714
576
361
171
529
196
474
256
1266
246
548
484
153
153
759
233
1134
144
406
169
324
231
276
924
729
729
93
436
378
548
231
491
330
324
784
105
136
904
169
144
136
121
45
153
144
852
1266
1698
188
324
1287
45
171
991
1349
300
210
378
78
576
625
1134
93
100
105
1483
188
1170
351
714
144
45
114
1004
406
231
324
276
121
190
1544
484
234
171
144
406
887
1065
1291
196
253
729
351
300
595
904
276
406
474
589
231
114
91
752
916
484
625
806
66
66
714
171
1004
473
351
231
114
114
136
767
625
625
286
529
645
424
474
190
169
234
917
189
256
361
153
729
362
325
1477
548
1698
529
1266
435
1017
229
1032
188
474
1413
1854
196
231
631
144
289
548
714
45
171
188
153
406
210
300
151
714
1404
300
361
784
210
276
367
474
1854
806
676
729
789
169
474
1266
1102
175
114
120
45
624
496
45
714
378
1134
624
153
210
406
190
325
66
484
548
325
806
136
476
1004
806
474
713
1544
289
529
625
548
171
484
55
714
144
529
325
992
55
190
441
548
1070
1134
144
45
231
1854
289
784
1492
45
225
114
45
943
1134
169
396
904
81
136
286
1266
230
120
1049
529
1431
400
995
170
1004
806
484
100
1004
354
55
1620
378
55
213
400
400
55
806
225
624
325
382
543
729
1440
102
153
289
1134
276
324
419
114
210
588
400
663
210
406
171
1266
548
904
1404
714
474
400
137
286
234
1134
325
103
1854
196
190
105
105
441
324
188
289
973
234
400
1112
599
658
1148
120
548
130
190
729
529
576
904
653
624
560
253
231
105
529
340
400
529
576
406
901
373
374
406
1418
441
806
131
833
576
441
576
210
625
144
144
171
55
340
1854
171
529
585
114
231
777
378
100
553
105
253
81
100
284
904
722
231
625
1854
105
784
66
1349
190
45
1119
1134
625
1287
1545
406
806
1856
289
340
1111
144
714
171
66
406
231
136
276
529
276
1321
347
136
1337
169
344
806
144
324
1134
519
625
729
107
1345
441
474
81
1320
190
573
78
253
293
225
144
81
171
114
1117
351
261
325
120
325
214
351
554
474
114
256
982
484
300
141
194
1544
624
325
1135
784
153
324
171
676
188
1450
676
564
136
386
529
1004
325
171
188
406
169
625
300
100
655
255
121
100
1698
153
190
225
419
652
253
1105
190
276
92
171
225
729
441
1134
286
100
286
190
1854
474
784
300
778
282
153
729
300
210
498
406
484
1266
253
1698
300
484
340
474
190
91
144
361
1698
253
91
324
1854
196
114
286
231
81
144
400
676
1854
100
190
286
406
256
1110
441
1029
81
1215
253
55
1134
1544
529
100
289
1404
289
784
105
225
95
474
806
406
153
548
144
91
1404
676
225
210
663
806
376
1854
45
729
146
1158
91
190
676
1004
624
1404
441
105
1605
904
806
1404
1313
571
105
1004
286
1266
340
225
121
521
286
1004
529
325
714
171
806
1385
904
806
188
136
225
138
210
1312
821
484
977
45
1404
306
1854
325
548
784
441
324
1404
340
325
676
106
1353
977
190
548
1304
45
324
253
484
1584
210
225
105
289
1004
234
171
81
114
585
171
121
451
55
1698
624
268
153
300
624
105
276
707
289
100
351
276
286
105
1359
624
484
105
66
624
217
91
55
729
441
1854
169
245
253
406
169
904
196
276
484
144
245
188
1519
784
575
231
178
802
286
625
324
1547
66
1854
325
324
484
624
484
729
253
1295
1030
835
1004
1445
351
234
784
622
100
474
1004
574
225
625
300
721
114
309
729
120
251
289
78
361
729
121
406
105
45
81
422
45
625
256
340
474
234
441
114
1004
531
121
144
714
81
1004
939
676
1134
1544
336
1004
169
904
144
746
169
81
576
476
289
289
710
210
78
523
113
210
632
548
253
1698
91
300
315
441
171
45
210
351
625
55
256
256
557
103
256
676
513
815
78
548
169
45
806
144
714
171
1004
100
100
120
78
136
729
1639
45
424
144
676
171
105
625
367
231
144
234
590
406
1544
153
136
1404
234
234
181
120
1641
78
171
144
377
324
624
625
196
342
784
144
635
188
234
1055
529
1134
1544
548
406
120
522
1004
1460
171
185
806
234
1409
1362
441
1854
166
100
253
351
1051
55
196
729
103
624
484
144
331
166
1143
1059
117
276
211
300
289
225
81
1004
234
412
143
484
234
1240
55
286
484
253
169
231
256
378
625
153
188
121
1620
231
114
1210
354
484
136
361
1698
482
231
196
210
441
66
625
81
171
361
304
1038
1305
188
190
361
196
144
378
441
717
624
196
639
55
472
325
474
654
406
1557
1854
340
806
114
1698
1854
441
55
441
625
1266
904
625
225
105
188
253
135
959
1230
725
576
1134
1746
406
324
1380
406
1854
378
210
904
196
100
1283
1481
55
351
1431
153
767
144
897
491
582
483
400
1698
378
145
105
909
935
171
621
525
121
1040
1266
1854
529
231
474
1004
289
375
66
714
1468
484
153
378
914
135
289
55
169
81
1544
121
1019
144
484
797
1854
105
136
234
170
231
1854
120
361
225
169
144
286
1404
115
210
406
406
441
1266
1617
324
474
104
342
378
100
1041
253
105
164
190
300
227
400
1992
806
400
361
529
234
1134
153
714
92
624
441
806
361
566
1854
1544
220
78
288
66
939
120
172
361
703
311
256
171
1266
714
169
340
555
954
193
190
625
576
645
1266
1610
1854
625
196
456
188
400
136
231
234
171
973
1854
202
289
78
324
1698
276
1854
770
806
340
1404
1569
90
121
351
120
557
210
139
136
484
1051
784
188
171
253
529
425
66
227
66
676
210
144
105
196
199
400
1134
400
1854
1134
171
1629
1672
210
1020
351
361
105
357
325
183
55
120
1544
1266
81
361
190
45
171
1266
91
237
441
529
125
240
163
210
105
225
144
171
1698
154
325
484
1527
625
190
231
1600
78
210
784
402
474
121
610
351
1698
78
218
1055
121
1004
538
66
625
153
105
576
253
665
289
210
806
361
256
181
714
210
340
105
436
231
584
1469
171
576
104
882
625
144
78
1004
120
231
1279
45
104
105
300
286
1004
177
225
169
276
1369
474
231
1134
286
234
1854
784
1698
78
253
624
210
136
341
625
429
729
225
78
144
624
325
325
1544
253
400
45
1404
624
711
671
289
1698
340
256
1849
1428
1266
231
1375
219
382
1544
120
81
676
676
215
114
286
400
529
190
676
153
1991
1004
276
78
347
190
324
114
1636
529
144
515
276
81
110
286
1134
169
153
256
265
625
576
120
166
176
529
231
1004
66
1100
144
210
406
81
784
396
144
475
147
136
256
243
1076
361
714
146
153
784
1818
55
767
583
253
315
267
321
1270
263
324
1698
66
1516
81
286
676
1544
625
100
136
341
276
729
218
256
1854
1544
1698
729
576
406
253
171
234
78
153
190
676
114
548
1134
904
351
624
114
806
300
325
136
114
776
535
1641
406
100
153
190
784
231
271
625
378
100
153
441
714
196
484
676
66
210
210
324
998
136
188
144
732
231
1004
474
340
289
188
1544
137
91
196
114
576
290
289
406
81
1404
625
1252
474
576
289
121
105
276
190
676
91
188
100
289
1698
153
289
256
1726
806
1144
714
210
169
503
441
530
325
340
134
289
406
484
378
378
144
1854
364
188
832
1404
624
153
55
361
107
1063
576
869
136
289
361
55
624
325
300
66
882
120
484
136
225
190
1404
1535
406
196
406
117
823
286
1004
406
1528
1544
171
1854
1276
120
153
153
742
66
1106
289
524
169
1741
105
652
55
256
78
190
265
1544
253
406
406
171
904
210
768
128
190
423
171
834
55
474
256
136
378
1018
223
91
253
645
599
932
151
253
548
529
1389
340
553
114
377
169
225
1174
897
196
624
676
361
576
406
340
784
114
196
78
155
55
286
1004
1698
818
548
276
171
806
1544
210
190
853
152
327
904
109
150
231
1134
210
1868
120
1050
784
45
136
1524
1003
806
359
66
55
169
378
624
484
160
234
300
441
256
228
406
286
100
253
234
144
687
729
784
1004
484
324
529
406
188
485
378
378
1854
253
136
484
361
784
153
190
324
400
784
166
121
253
625
231
1513
624
548
378
157
625
911
300
190
361
169
1698
144
169
1698
300
91
144
624
1404
576
1004
729
400
1128
484
340
624
548
1404
784
378
400
289
432
276
144
358
484
196
1117
78
91
351
648
78
729
1004
115
253
1006
340
114
234
144
256
81
729
234
286
406
269
402
105
325
325
324
325
714
529
289
105
136
184
378
402
406
357
400
121
784
441
196
136
576
66
136
624
1228
1266
105
231
55
1134
1309
676
210
340
1544
624
548
340
1139
605
78
225
253
255
576
225
120
196
91
55
1404
190
904
624
66
980
559
676
1544
121
378
115
100
516
406
136
1040
81
144
325
806
367
1134
256
474
100
153
136
340
441
100
120
624
561
529
234
352
325
256
66
139
474
136
207
1134
114
78
100
624
1134
276
1266
300
102
55
105
691
300
344
800
144
231
136
153
1004
45
144
120
724
78
1655
190
378
1269
114
144
548
548
1280
591
105
169
66
300
1096
102
576
289
252
842
340
529
120
136
1544
324
286
406
939
91
125
539
121
286
1351
100
100
758
91
276
256
55
171
1360
474
1004
1404
121
256
276
81
81
66
737
141
210
136
114
361
400
391
406
253
169
66
91
188
153
225
276
171
190
806
324
167
114
316
489
714
55
993
548
406
676
177
182
78
190
100
1085
209
806
1436
418
411
361
144
45
729
361
1020
169
66
188
289
100
196
191
729
256
625
96
136
1476
676
676
1544
253
378
253
100
406
256
576
300
1043
338
676
289
325
829
624
45
263
676
625
1004
144
714
608
120
234
286
406
234
136
234
806
253
663
378
153
806
153
225
231
784
1261
188
120
146
624
253
490
351
169
81
340
100
904
1266
1202
210
234
576
958
1854
91
548
222
169
576
188
300
234
196
91
175
225
305
625
340
715
78
361
197
1310
904
400
276
340
1698
256
474
576
45
406
586
563
66
729
231
225
625
752
806
699
231
167
325
136
625
253
78
676
66
529
196
1558
877
314
474
190
529
196
91
239
144
1134
121
45
225
114
98
244
1404
231
806
91
351
340
1404
120
196
406
406
81
55
822
1698
114
378
624
144
729
1266
169
340
846
324
340
328
904
441
624
211
694
81
114
484
323
240
100
351
447
45
153
1357
1387
655
120
351
100
1544
1404
210
190
800
190
625
105
231
289
828
100
400
210
286
850
1854
351
378
406
225
340
153
441
463
66
1698
361
935
1314
136
1266
380
78
361
529
1266
1544
213
276
1004
1132
55
1575
729
486
121
581
624
55
253
714
91
806
1083
624
592
784
300
1404
1275
548
1142
324
81
286
529
300
55
474
904
676
1266
489
1549
1259
105
684
78
300
225
136
1607
1544
144
120
1241
225
153
1418
315
865
253
806
1404
786
806
220
225
171
105
625
114
474
351
400
1287
1404
190
1084
348
171
121
153
406
548
649
827
324
729
1712
1544
904
406
729
806
1620
729
210
351
548
169
55
729
625
231
55
262
548
279
784
251
625
120
576
784
565
529
1266
231
55
55
1404
105
154
120
253
110
91
289
100
1527
807
1302
289
406
406
1004
234
406
133
272
515
1309
729
378
1544
1326
378
300
1176
120
1266
784
345
253
1404
729
529
1124
286
144
548
1134
276
367
361
196
231
174
190
114
1722
289
136
729
676
1467
406
340
806
351
176
381
474
484
904
208
729
625
548
340
406
474
806
276
253
806
256
729
474
387
276
378
484
484
289
276
1004
351
169
121
225
676
111
286
153
733
121
548
378
985
576
406
672
548
1698
81
529
351
253
784
325
286
1333
1544
325
144
144
625
340
144
1099
276
1134
210
91
145
171
121
190
806
625
81
91
1134
147
529
55
1201
188
904
169
231
624
638
196
1304
1698
676
1184
406
806
378
445
114
729
624
529
904
100
719
406
351
529
286
196
1527
153
189
576
148
400
196
904
474
446
276
81
324
125
1596
1643
300
1348
136
1292
625
625
904
568
1004
81
100
330
474
599
729
714
451
361
324
45
1544
256
253
676
484
1548
105
188
559
169
286
641
144
234
234
312
196
289
584
676
563
100
169
1134
234
1266
361
81
190
1278
325
105
144
747
729
91
435
484
294
225
276
1723
676
144
971
676
153
178
529
378
904
474
105
519
91
1123
300
484
395
742
78
153
121
190
388
210
100
576
1207
169
904
1854
529
406
1854
45
210
977
325
1234
188
66
625
624
1662
1266
1698
529
91
1654
105
529
91
474
474
140
676
630
136
896
231
474
205
256
208
286
574
302
55
100
361
188
169
1698
1134
400
625
91
484
361
179
286
484
530
1404
121
325
836
171
714
105
661
120
121
1266
325
105
1134
120
144
788
300
216
1134
276
144
1404
406
121
359
136
729
113
406
146
555
624
45
361
1207
484
1004
55
221
144
361
55
576
164
441
1646
1146
1381
272
100
121
45
256
784
857
1544
904
641
676
1134
289
714
351
361
256
136
714
548
397
1544
1404
361
435
105
206
144
114
714
1512
548
726
340
136
474
548
714
548
91
455
400
576
548
144
1103
1646
153
474
361
210
474
91
155
190
129
897
116
351
225
100
1583
78
714
66
226
120
1544
1544
81
190
1854
136
144
256
729
325
1284
225
100
300
120
574
676
208
144
1266
324
1134
1354
1134
162
66
755
1698
548
1028
729
231
325
1854
292
100
1266
324
153
81
1148
1064
210
406
1854
303
548
325
1288
276
904
91
144
66
474
351
1004
484
276
576
81
153
361
256
144
81
784
190
121
301
325
100
315
474
1490
264
812
81
568
714
917
784
1503
144
225
45
1404
474
66
171
324
171
625
1698
286
361
676
1735
548
100
676
171
125
441
548
260
286
231
225
361
268
45
144
729
55
196
78
136
1544
484
1157
302
484
676
136
406
324
1213
1004
45
725
1004
135
887
267
210
676
714
81
1854
440
114
625
169
1854
325
231
1134
806
351
372
325
323
107
406
276
66
729
66
108
400
66
337
361
300
238
1698
351
231
340
325
899
624
169
171
256
1134
136
406
256
351
904
231
196
1854
324
142
625
1004
325
452
361
729
45
1266
121
289
575
286
306
766
484
484
1698
904
188
312
190
289
548
400
144
105
78
400
361
231
238
938
100
1199
378
509
351
78
1004
1698
729
300
114
144
328
100
806
406
381
1266
136
1044
1544
571
548
677
231
1083
105
624
324
665
669
753
369
995
950
66
190
182
153
1541
225
81
382
253
400
714
225
1136
1105
981
253
1544
624
463
240
484
548
1355
171
265
676
66
234
153
484
276
1698
714
563
120
1698
171
1008
312
300
300
729
209
121
289
439
286
169
66
253
529
1020
121
528
1740
55
1333
117
1593
351
624
1854
576
55
650
1544
378
523
729
276
300
484
484
378
289
276
199
188
625
119
624
136
78
361
714
120
196
1854
253
66
1854
94
1854
231
45
188
729
1544
315
90
548
124
784
1047
188
360
636
958
325
144
105
676
1552
114
45
169
225
400
766
474
624
784
359
1404
513
188
385
234
66
1634
406
340
714
105
625
1404
91
55
114
219
474
378
676
190
325
105
137
1646
136
144
253
45
1854
714
573
234
144
190
81
276
239
325
1479
474
121
153
481
324
1095
806
425
1854
45
1854
210
529
926
210
78
400
548
100
136
1698
196
231
361
361
325
1471
351
218
171
795
253
340
100
231
374
178
529
904
169
791
471
1544
400
190
474
225
66
105
144
772
930
258
714
55
1404
474
1404
169
624
1544
300
624
300
144
251
45
380
404
171
714
210
1618
340
136
324
991
171
406
1179
1296
256
234
1505
784
169
210
1544
676
231
256
45
114
276
473
1004
144
45
105
144
144
474
188
144
225
676
361
231
66
1503
225
729
904
548
289
1266
150
289
784
276
105
1031
474
1134
195
253
196
144
625
225
144
484
300
225
351
190
625
325
289
435
1404
784
1854
190
290
1145
121
406
105
1192
1452
121
253
100
870
171
458
729
1404
289
1404
81
144
324
676
406
441
234
484
1698
276
188
190
625
256
1298
324
1158
676
392
340
198
120
190
121
325
1266
100
267
1266
268
904
188
253
904
714
406
136
406
1854
86
231
441
81
806
1393
136
78
289
55
55
55
400
1065
714
286
1544
225
378
361
1584
756
1040
529
105
253
784
727
144
1004
234
265
300
210
66
567
642
931
966
219
676
1409
1237
1404
729
45
171
226
729
81
904
1335
234
441
78
114
1854
340
828
141
1012
888
275
340
1544
87
100
121
625
169
153
572
1623
171
378
676
253
120
129
325
1404
806
129
292
971
576
171
256
1004
576
183
186
361
225
1498
144
253
529
144
1854
225
78
530
91
576
351
100
1134
276
406
66
1085
378
81
351
673
144
196
378
406
400
253
286
81
1544
729
105
256
340
230
1509
715
474
474
548
120
289
276
153
225
357
529
107
210
196
351
831
1266
703
676
120
114
81
697
120
676
400
1336
484
81
406
806
1854
172
1404
1266
121
136
144
256
100
729
114
121
361
100
1303
548
210
529
764
406
171
904
541
268
118
325
474
276
541
1575
55
144
188
190
225
231
196
91
1266
111
474
136
784
78
529
246
45
115
91
139
1004
190
169
1681
289
100
300
378
361
244
210
1544
729
400
120
1544
153
270
153
121
55
548
55
1004
676
55
136
375
378
484
323
1386
784
100
904
276
118
351
1283
676
121
286
676
120
1328
1134
714
676
406
1266
105
276
1266
254
120
1546
1191
714
190
105
806
105
406
400
188
227
729
78
1445
1404
105
91
45
406
351
255
286
55
351
144
276
66
225
484
105
100
262
120
144
91
283
378
324
324
782
114
1698
547
153
576
253
105
1278
93
455
432
1459
242
831
624
625
714
188
1769
188
714
136
406
188
374
338
496
938
1854
1193
136
256
1218
190
404
188
417
529
45
1404
171
153
1758
327
904
136
507
1532
483
1794
351
806
153
289
361
289
378
325
234
437
105
484
101
784
256
676
121
284
361
231
100
115
121
171
352
144
169
1234
474
116
714
474
120
576
799
136
542
625
904
361
624
120
1023
190
339
1544
1004
276
351
234
286
190
432
45
441
45
66
400
300
144
378
121
100
806
1698
624
625
105
1698
1544
196
66
1381
406
114
144
237
325
406
351
286
939
1854
143
234
529
1544
324
351
441
121
441
484
324
663
234
276
527
231
144
406
289
348
299
1227
293
169
210
66
406
625
306
529
341
289
121
1134
576
100
887
1134
784
114
210
576
484
121
100
253
231
1544
723
356
231
406
1544
286
548
351
595
625
441
1544
474
1704
628
441
171
1134
388
474
351
1544
441
1548
213
784
1698
55
340
66
234
806
1134
144
324
475
171
548
474
66
624
128
778
474
624
210
529
149
55
548
784
286
171
218
111
908
144
1252
400
234
1544
224
406
81
171
253
171
276
576
400
453
130
55
529
676
1405
729
91
624
1854
300
676
120
169
1698
78
190
171
624
359
155
91
1515
276
210
576
727
441
400
1544
153
339
784
120
100
813
196
144
406
351
264
234
784
276
171
171
516
624
105
904
1382
406
45
286
340
1404
1069
1561
114
406
625
378
276
1004
441
676
120
360
676
100
474
81
1229
1526
253
225
1266
144
78
100
91
100
1698
1544
190
45
628
430
91
300
624
958
300
300
144
190
1698
529
55
576
548
78
223
729
992
489
361
784
66
806
188
1263
190
1483
190
188
1004
210
458
194
806
657
576
100
218
297
484
378
806
121
351
784
144
255
406
214
45
286
289
276
153
771
904
729
904
1544
572
1266
153
875
66
1698
144
105
784
188
78
78
441
136
651
351
1004
225
196
188
239
505
55
651
1004
1134
714
121
1017
1499
179
400
1544
289
1404
139
1082
406
391
784
618
676
234
188
136
153
406
676
300
474
188
1854
806
1195
624
1266
188
340
324
474
484
66
78
1044
315
361
698
1171
300
253
196
325
105
1266
256
429
153
91
276
121
378
491
874
190
624
1357
324
105
234
456
484
190
1192
806
361
752
441
1125
818
45
196
529
656
625
1747
114
784
1550
912
1271
454
576
169
196
100
1276
361
714
276
114
325
300
196
400
169
1019
806
310
340
121
286
1510
576
1300
548
153
283
273
1016
235
144
1544
1438
256
91
66
729
595
149
160
1854
188
1544
484
625
253
773
100
144
361
406
904
557
1549
1544
1004
529
498
806
1854
1004
91
234
100
268
548
121
406
55
1298
714
441
256
1114
1203
276
804
134
115
564
306
1266
1266
784
1404
1004
289
407
196
1854
784
1404
624
153
368
81
45
286
210
105
324
770
202
340
361
806
729
276
548
114
55
210
144
635
1171
114
91
225
1516
81
253
576
144
729
91
400
634
114
153
1254
378
1677
575
406
361
100
406
340
91
340
400
234
121
144
1026
378
136
1690
624
570
676
286
153
1404
624
144
904
660
121
325
1544
300
114
120
415
234
892
121
484
576
739
441
784
188
351
406
133
714
105
1389
153
144
210
1134
165
406
1671
1195
474
188
121
253
905
576
624
234
105
808
225
441
1348
624
175
182
1544
66
710
196
1690
144
406
729
784
1180
625
256
121
361
1544
406
484
1442
806
1523
993
808
300
406
910
672
1266
713
234
134
406
441
55
734
98
378
276
1133
210
45
981
684
153
144
91
91
590
548
610
1004
1645
188
45
406
153
1364
548
576
904
1404
378
1854
1607
1544
214
1579
729
1004
1134
729
391
1854
806
276
225
136
628
406
1526
153
266
325
1544
610
424
210
171
1544
548
300
240
406
276
120
691
784
1854
210
1544
225
529
378
55
153
114
1266
1404
406
361
729
340
210
144
256
1854
188
548
539
196
276
1020
784
324
210
300
81
1321
678
91
1698
169
234
529
286
197
253
144
406
300
714
361
312
576
441
144
253
576
714
144
300
153
406
1145
55
441
128
231
189
66
120
109
378
81
121
169
1484
1014
904
729
286
81
1266
406
121
45
806
169
231
1544
729
276
1629
267
474
1544
234
289
210
1086
78
341
1004
784
1305
714
529
215
1698
298
474
729
288
300
625
234
406
500
529
324
351
522
300
276
1004
864
529
324
784
406
55
139
169
121
784
121
551
484
1810
231
361
406
904
1004
406
234
400
1615
400
1404
1299
474
259
325
351
361
387
625
121
474
683
406
1699
379
474
714
1328
1404
121
210
105
676
114
169
714
1269
583
378
253
806
400
234
210
55
144
55
729
1544
120
210
188
91
276
729
234
325
904
348
234
806
1227
841
191
1134
564
146
164
1240
634
351
474
1449
1394
1709
347
1266
1134
81
210
165
1404
325
514
406
470
91
78
1404
233
1134
190
286
983
153
114
171
153
806
136
289
1168
300
548
114
91
1134
406
144
256
1359
55
144
1284
169
1544
529
1266
225
325
1854
987
105
624
784
344
406
576
625
114
78
625
193
320
1404
221
441
136
188
434
1214
171
855
286
105
114
468
660
121
904
676
1229
625
1549
529
972
995
187
253
1544
91
289
153
121
45
146
114
625
1004
81
210
361
253
340
564
136
286
253
576
276
190
81
441
45
135
190
474
703
144
1466
286
484
784
676
309
1266
196
300
188
55
1544
81
1521
817
1396
1266
136
187
1544
188
261
122
406
196
188
231
406
458
324
244
169
563
144
256
450
484
91
1134
100
883
676
361
324
784
114
256
144
624
136
105
196
1854
1107
340
676
1084
378
45
784
234
1266
153
121
441
784
100
190
1274
1404
334
1854
394
1004
729
351
620
274
78
406
120
212
529
171
171
153
1544
714
521
253
904
210
121
1404
484
225
1698
1526
676
300
612
245
624
806
361
325
378
1698
190
806
253
234
623
378
625
91
361
253
256
1131
406
571
351
673
398
121
625
995
277
91
114
253
934
171
196
1807
548
1239
276
1451
904
324
231
361
1854
854
114
340
234
1339
210
81
1714
169
276
1172
188
674
351
680
576
122
676
1600
253
1087
576
1313
289
748
131
291
625
400
55
624
153
175
251
441
548
97
169
114
276
529
100
289
196
1404
190
153
436
168
66
45
1854
676
114
1250
144
120
1698
400
378
144
276
548
297
1033
286
370
484
105
276
55
400
1698
729
225
153
120
210
225
324
1854
1266
91
45
441
1103
234
729
256
81
904
338
625
1546
276
576
153
66
136
1290
276
1544
474
340
714
855
330
234
676
372
474
624
114
441
484
302
256
1266
1338
105
196
406
144
253
144
121
225
45
1351
406
105
225
171
190
529
100
171
190
225
253
378
340
806
529
1304
188
591
1483
1606
231
411
225
127
1071
55
425
120
1266
1188
1292
440
100
91
406
188
1438
904
225
121
276
624
100
340
169
400
234
474
121
1420
505
1315
1266
171
340
714
624
325
903
714
81
806
1181
406
1698
325
105
548
1266
81
484
289
375
144
406
55
1266
196
529
1404
839
105
114
1231
1854
474
45
300
625
120
1004
520
787
624
406
136
188
256
286
578
114
1854
234
1404
1709
729
1082
212
548
256
229
441
714
400
100
136
400
324
190
340
78
484
784
105
558
714
1510
625
400
101
91
714
152
234
1000
351
398
78
114
91
806
300
1700
190
104
1226
120
81
300
1854
1404
361
300
201
81
371
196
1554
1072
548
340
236
231
276
234
406
524
100
169
253
784
351
66
729
198
351
474
474
784
253
196
624
714
229
1306
169
1544
1739
66
351
188
253
324
1379
144
780
256
120
548
1266
1639
300
729
847
153
380
121
351
474
136
256
120
548
114
253
300
358
286
225
548
474
474
188
625
171
1004
351
723
406
500
676
347
340
78
289
289
784
315
361
337
400
474
213
729
403
1544
114
196
116
45
891
120
378
1189
729
806
136
91
676
378
286
286
1122
340
151
784
136
66
1544
300
289
200
1266
1167
1038
45
1854
729
1634
225
729
806
529
268
78
784
289
105
231
682
234
131
872
729
153
300
253
84
484
1117
714
1544
144
120
234
806
144
210
551
300
806
918
926
1698
855
45
190
1004
729
1698
806
361
1473
406
231
625
576
190
400
1544
904
225
234
400
334
1698
400
210
351
1248
66
289
400
565
1196
324
1544
45
45
1238
253
441
1086
276
1544
351
1234
1266
784
1854
474
1326
225
441
340
114
406
1544
1404
55
144
169
153
548
121
406
231
1853
45
78
45
677
351
361
121
286
144
81
714
231
1854
676
286
406
624
137
190
406
676
190
276
484
624
231
105
340
1616
529
144
66
325
904
284
1286
962
441
676
153
624
768
351
1544
196
231
569
45
615
806
136
256
1206
576
400
256
256
400
1635
188
576
792
94
624
302
100
45
406
147
55
45
105
716
566
1698
188
169
234
231
1134
441
739
1854
1865
169
1266
676
478
474
784
324
286
153
78
253
136
1822
361
168
406
478
904
441
136
120
1266
624
1538
543
965
153
351
904
633
139
340
1287
289
136
441
548
234
100
374
78
676
325
1404
289
114
253
1544
474
225
729
114
324
1854
108
78
971
400
215
959
289
176
729
876
1004
474
325
289
1307
1698
548
904
144
519
91
120
729
830
1854
153
153
182
407
784
1854
378
45
130
214
196
351
529
1266
300
234
529
1698
835
144
676
351
1326
210
1433
234
121
1004
144
548
225
1266
406
144
1698
351
712
100
1544
790
66
1698
231
582
105
121
300
196
441
190
144
66
289
468
256
378
714
1603
120
105
862
101
78
351
153
99
144
144
136
361
144
1544
78
45
142
324
1266
406
196
574
406
190
351
289
548
278
289
121
210
276
256
354
400
300
676
253
190
1698
828
694
624
432
300
120
676
136
236
474
182
105
276
729
714
325
1266
300
1455
497
210
511
400
231
1544
136
45
806
136
1362
225
400
324
351
105
406
324
104
276
308
1460
171
286
55
144
324
729
153
253
406
1363
98
276
55
121
1854
378
78
107
234
144
256
806
325
78
441
361
81
256
301
729
576
237
171
729
406
1371
1404
1391
676
78
529
714
210
484
624
361
150
234
624
136
289
78
225
234
1138
325
952
1439
1001
120
105
441
474
302
378
120
161
729
381
375
406
1854
105
188
144
188
1381
190
406
406
340
400
171
548
714
616
210
225
960
1698
245
400
171
1134
549
324
326
144
253
1201
1649
474
1134
315
378
289
100
361
325
196
325
45
172
185
441
153
225
1544
520
153
190
276
406
1987
144
234
259
529
784
425
225
529
196
563
625
169
1044
378
1698
400
1698
196
190
807
190
325
529
300
136
1004
324
121
1544
625
105
1004
210
806
1004
1004
144
114
300
234
108
325
1079
904
208
806
104
245
188
218
397
114
1368
1621
406
1253
714
1134
325
171
257
144
196
625
78
1076
1266
784
406
406
676
325
904
1325
1698
324
701
677
231
169
529
190
1854
1854
114
806
548
1698
904
474
1333
324
324
253
1544
1404
441
324
961
300
1266
606
625
441
624
225
576
361
1854
256
276
624
351
904
190
136
904
178
406
276
114
188
351
78
300
114
105
714
565
340
908
1486
340
406
1266
114
66
100
100
234
169
941
237
167
597
625
1854
755
1681
324
414
714
746
190
188
1625
474
1281
231
190
225
289
576
253
231
1484
378
276
624
235
300
225
1854
441
714
1260
169
474
81
137
904
1466
1404
714
144
676
235
105
559
714
351
529
66
1967
78
316
406
191
400
234
676
1358
325
624
406
625
441
1004
400
400
972
488
45
109
484
114
55
1168
441
100
169
153
1174
1854
1854
1836
966
231
371
190
676
400
1810
120
848
576
729
1004
676
625
378
91
406
180
196
289
188
406
136
144
1004
100
904
115
256
1360
474
1608
828
351
81
128
169
1428
806
1854
171
1025
225
378
515
729
625
1066
625
1854
363
144
351
353
144
624
78
714
121
188
1854
169
172
45
441
1134
169
378
276
340
286
904
441
1322
729
144
276
171
225
676
548
729
477
104
340
381
231
323
729
474
120
281
231
1504
234
1478
91
1854
78
100
258
1346
406
286
904
256
196
835
754
729
45
100
888
153
370
153
406
136
105
1528
1134
351
120
105
78
1055
78
78
625
147
144
474
705
729
120
100
904
188
729
1230
190
256
121
1698
1266
231
113
325
729
351
163
153
196
78
730
484
171
1544
549
832
256
806
785
100
624
529
400
144
1120
302
484
114
144
1040
1411
225
190
606
406
105
409
378
120
100
120
441
806
234
66
345
904
91
300
105
1266
389
904
351
169
354
325
289
1343
153
340
253
146
273
121
256
212
210
188
441
1004
410
1004
1545
153
378
256
904
100
249
624
1718
441
351
231
1854
225
378
141
378
120
45
225
474
66
172
435
231
368
81
188
295
121
234
1134
1544
78
943
474
253
1281
55
1360
289
247
66
78
474
144
484
136
1130
81
66
300
164
576
225
114
253
361
225
784
169
529
210
144
113
300
820
105
406
900
484
729
377
868
300
103
646
378
340
289
286
153
144
114
406
203
136
144
55
784
253
45
498
386
1544
1004
676
55
378
400
1854
1004
45
1643
126
1588
144
253
1544
340
904
256
406
196
548
169
1149
114
225
1589
529
361
806
1052
484
78
324
1229
1221
100
188
406
406
378
1647
114
880
474
325
361
625
188
190
81
734
105
45
225
784
153
276
231
806
196
1544
121
548
324
120
144
144
134
340
1404
1854
1404
1103
93
196
78
231
406
185
1569
1116
169
1010
548
784
171
78
440
729
45
1698
441
184
286
664
234
785
1698
114
89
188
225
474
256
210
300
626
144
624
904
105
340
1698
153
196
676
169
681
1129
1698
714
474
424
406
91
1854
78
676
621
406
1544
624
474
231
1544
361
529
400
120
996
282
91
1404
256
652
715
1404
324
1043
1266
144
225
484
276
114
171
87
474
114
169
81
784
625
624
763
210
55
114
730
1266
91
370
506
234
114
171
666
300
605
904
144
231
361
576
431
225
231
100
121
171
528
1854
105
91
529
576
286
171
210
576
222
904
96
529
180
136
1404
975
78
1004
1544
81
188
121
325
1266
81
120
529
690
1387
548
78
196
144
548
105
300
45
400
153
45
388
55
196
474
258
190
1266
253
576
484
286
1854
188
406
484
78
121
361
1698
225
1004
729
625
276
256
190
576
144
1263
325
121
144
190
153
415
1544
144
244
1404
325
1318
120
1134
378
576
361
120
55
100
276
484
750
624
171
729
1207
361
309
339
253
78
361
441
276
188
400
105
276
300
484
1394
400
400
169
1613
806
1404
406
1420
325
144
1698
225
120
385
729
301
800
1698
231
1134
1004
325
229
298
484
1004
1134
81
256
322
378
339
1266
1435
81
1698
144
775
78
91
316
153
576
196
196
78
232
624
325
276
325
188
153
210
676
1404
338
276
161
91
1698
100
529
78
231
325
239
96
529
729
1271
136
361
587
1195
361
1544
904
1698
560
225
400
276
150
121
351
91
576
286
351
437
300
904
1404
1134
1134
276
548
676
548
1266
1014
624
276
714
1250
171
624
1134
881
172
100
196
144
256
1647
45
225
473
188
289
729
1404
340
120
841
714
904
406
253
663
1698
340
406
91
474
815
598
286
276
1011
408
87
714
1698
343
225
1404
380
1544
676
1099
1215
1854
234
289
154
904
188
192
136
451
144
1854
276
625
253
234
714
1004
359
325
1698
100
171
812
1093
624
315
1479
359
351
1266
1029
292
1309
196
437
406
45
262
325
406
400
289
624
714
1279
289
716
796
392
1544
1407
225
789
105
171
351
253
325
729
256
268
100
202
169
1236
144
615
153
324
676
188
171
81
153
169
904
120
474
100
1124
548
120
300
1266
324
136
931
625
324
1588
904
1265
542
406
340
171
1404
78
45
340
771
484
300
45
274
171
324
750
66
869
1584
474
902
81
136
998
344
169
1854
169
190
370
1266
340
529
340
1260
714
720
548
1004
340
552
171
105
256
119
324
841
784
406
144
784
784
624
379
1134
256
714
913
904
136
171
188
196
625
55
525
66
441
121
406
599
210
114
1404
714
144
441
1018
100
548
87
179
529
441
286
231
378
324
225
186
144
121
681
400
196
981
256
114
548
234
474
114
144
256
325
136
114
761
91
306
190
114
188
340
153
105
144
806
153
114
529
676
286
253
806
121
1266
221
1567
224
234
676
114
484
806
806
1266
784
729
78
1404
245
289
472
548
231
190
66
675
120
625
382
548
1531
484
1203
253
105
188
1672
78
300
484
340
676
543
424
231
100
548
1527
1424
1134
1698
1493
240
190
171
340
378
548
109
992
340
406
270
737
121
114
234
45
91
133
174
196
190
625
276
225
406
378
616
188
624
340
171
55
66
298
1404
484
325
676
55
180
171
406
591
1404
361
283
55
1544
616
169
729
1134
395
253
1698
1121
256
975
240
1134
153
1404
253
714
548
190
325
441
1854
1344
1404
729
286
625
806
676
190
462
196
253
171
484
100
340
105
144
256
531
715
252
225
953
676
190
400
268
234
91
232
1471
276
474
121
881
91
548
289
624
1296
729
256
441
114
351
230
729
184
1106
625
286
1244
157
234
276
82
300
190
400
286
731
548
340
799
501
576
1404
55
225
1024
340
213
234
210
305
115
1854
464
474
286
171
188
105
484
729
300
784
276
474
81
289
169
784
231
400
253
1066
225
162
136
441
351
1195
190
156
1346
340
121
1265
1544
78
406
361
234
169
188
276
1218
105
253
165
548
454
188
136
276
286
406
548
45
739
276
576
121
300
286
188
1854
144
146
484
126
529
576
91
300
208
219
55
548
256
153
105
143
727
576
144
1023
1134
100
231
378
340
81
256
1401
441
359
300
188
286
210
190
1266
276
1740
100
1266
144
586
153
361
949
144
570
210
144
406
441
225
276
1468
855
78
291
1544
561
1698
378
457
917
958
231
300
324
501
474
1313
916
256
289
134
100
1433
286
1008
1404
733
122
341
458
400
304
231
351
196
576
441
300
351
147
200
196
904
714
196
113
484
325
576
1211
378
66
289
441
1019
153
256
804
1698
286
784
625
784
370
100
729
226
1066
714
576
91
190
687
147
105
1004
100
100
169
774
729
615
729
406
324
621
300
171
45
188
1074
216
1751
576
363
78
463
729
253
484
100
144
252
623
245
484
170
136
234
474
1854
474
1217
1393
806
256
342
78
276
190
144
589
400
105
169
361
144
231
361
624
286
474
231
636
97
784
624
144
325
190
169
1600
395
406
340
153
171
137
151
1404
324
196
1134
78
1544
714
1134
351
625
203
340
625
234
413
1527
45
1544
190
231
153
144
225
1266
1062
324
956
2139
325
100
1078
406
105
1404
676
45
294
253
784
231
340
98
474
484
378
1544
406
45
806
289
300
45
624
144
942
1603
714
576
1301
259
1020
814
190
289
100
904
144
265
625
529
171
885
903
114
136
120
286
144
918
1574
1421
325
153
676
225
225
136
474
188
588
100
144
1483
924
1854
188
81
105
1404
361
231
474
1404
474
484
791
136
714
576
1004
132
105
374
806
144
1854
904
378
45
100
120
1134
1300
1266
144
1469
333
225
625
904
300
91
55
529
105
1698
100
714
100
45
1004
136
441
249
724
188
1266
144
676
81
188
117
729
340
276
81
169
729
729
234
289
253
806
171
406
114
406
1408
136
196
166
45
406
121
1134
474
100
629
548
231
234
378
874
91
276
144
904
114
144
334
1544
105
170
66
1639
1276
120
100
144
784
171
78
1134
91
406
105
1404
664
361
529
406
576
225
121
188
78
529
474
231
252
230
324
234
1004
153
771
548
81
576
1004
1186
1404
548
196
91
169
210
196
144
372
276
121
144
1544
231
784
729
276
580
122
441
597
378
293
1513
400
453
105
714
729
1404
91
66
105
406
325
253
154
406
406
100
191
282
1544
120
144
576
904
729
625
529
320
171
625
138
1562
105
474
1566
361
121
474
1698
474
253
949
231
1142
324
632
324
1004
114
1313
78
114
340
153
739
194
171
300
1540
153
1451
234
1134
1698
1380
625
1854
1285
1266
548
1698
188
1808
120
100
1052
1296
361
337
171
78
904
1698
288
144
800
1004
136
225
225
676
714
289
114
45
225
169
533
55
666
676
406
378
201
474
729
144
120
289
576
271
676
548
1004
1698
548
324
144
91
1503
406
400
136
136
1544
324
1004
210
714
667
188
679
181
378
340
142
121
378
1854
1698
624
144
78
136
351
114
286
153
398
325
624
225
1172
300
120
548
169
695
625
256
716
169
441
196
114
1698
1404
300
66
169
548
45
105
576
484
484
136
314
286
676
300
711
503
1004
78
1013
400
276
839
138
225
210
406
153
426
300
324
576
378
325
144
91
325
624
1698
360
441
275
170
676
91
153
323
100
576
121
1266
253
441
276
196
1404
919
276
1404
253
484
276
1388
100
144
286
81
121
1242
361
789
153
136
259
1110
169
225
169
378
81
297
289
303
112
361
100
188
1266
120
216
378
1155
114
300
624
325
45
190
529
169
625
153
300
361
400
676
153
225
729
55
144
276
624
120
441
324
100
324
298
144
225
484
169
729
225
325
141
121
45
806
188
282
714
375
406
324
234
1597
45
1665
324
144
361
1004
188
45
340
136
236
1859
652
105
256
625
1212
1698
253
406
190
81
186
78
383
784
361
1670
693
457
256
45
286
225
188
325
525
120
484
225
351
136
120
529
624
1407
114
253
406
182
421
1544
143
289
225
904
1404
107
234
484
164
456
231
742
714
606
114
529
253
196
340
378
1854
484
1111
121
378
406
484
120
163
446
532
66
129
625
236
209
256
1076
1698
1134
1134
210
1027
997
1404
196
361
120
474
1266
210
936
400
731
1854
978
548
361
676
78
406
100
537
850
714
443
406
114
361
361
286
256
340
1031
351
144
121
81
45
576
91
144
340
153
136
188
400
253
676
184
153
176
276
969
406
360
406
1004
806
361
1669
256
190
1698
784
579
190
1429
1067
253
219
78
340
474
190
904
325
178
144
136
378
136
1404
141
848
105
190
427
114
656
904
1725
406
456
545
576
136
529
136
406
1520
306
351
66
406
78
991
234
78
1134
144
784
114
1432
548
1041
548
324
276
548
144
210
100
406
66
325
1134
1230
474
210
1698
547
729
1104
114
729
1698
225
529
81
624
441
441
378
325
315
1544
188
253
171
484
120
1619
209
231
1004
190
806
188
1544
407
904
231
253
276
317
325
100
1404
474
697
904
1004
136
210
729
1134
1112
144
904
1544
231
231
442
136
729
114
406
400
188
406
625
361
253
1544
300
400
484
100
1544
449
55
474
206
225
66
169
474
784
45
131
567
105
1698
806
548
1581
190
100
1404
340
649
729
100
225
234
1015
231
378
276
441
378
91
253
806
100
1188
244
45
1510
529
153
458
190
188
340
228
120
806
169
1854
729
115
904
225
289
276
1201
121
253
548
1396
400
1404
78
188
276
694
231
130
300
324
231
548
474
214
441
406
66
234
188
81
533
1144
406
474
1460
286
188
806
256
144
378
188
529
293
624
120
114
400
286
105
400
615
142
102
225
784
676
121
241
324
225
1097
1266
624
1698
1296
153
974
188
195
361
300
714
289
1308
324
896
684
1233
437
784
576
136
171
136
979
325
784
253
478
256
904
300
289
1554
55
1677
184
196
188
188
714
474
210
441
173
144
406
66
81
45
300
541
120
136
340
276
1102
729
234
153
1132
81
307
210
756
225
904
441
324
120
624
66
625
729
1353
1698
340
378
484
190
576
361
188
300
253
234
234
441
300
276
382
45
478
234
709
188
714
190
1004
183
78
441
253
1457
374
144
539
300
441
361
120
349
121
1266
215
144
231
253
1376
91
231
225
945
729
361
529
784
676
120
714
1854
811
225
188
66
225
406
169
729
188
473
277
231
1134
1003
351
270
55
1698
968
144
625
256
190
714
400
153
234
529
78
289
1091
144
1266
324
286
78
106
1544
314
526
484
78
625
1544
361
264
105
378
508
325
141
520
484
270
256
442
378
824
1698
122
441
136
1404
576
214
286
406
91
1386
267
81
806
45
1149
548
199
146
169
529
297
55
340
231
784
784
55
274
100
1004
100
784
190
144
714
290
535
171
144
276
548
361
529
340
300
144
256
144
153
259
1215
317
231
136
286
132
325
234
1019
1698
548
624
1854
136
231
548
875
144
234
171
1277
806
231
1134
1119
1404
120
441
1854
260
324
234
1854
621
590
144
474
340
340
625
806
1854
234
474
45
153
100
169
1544
91
441
915
325
406
548
548
1544
624
66
378
1134
234
1404
234
121
297
105
1544
624
237
484
231
484
325
114
144
333
324
349
91
1854
1163
1636
1134
904
55
196
729
1544
784
100
821
256
545
1514
533
210
1134
1266
234
447
474
324
225
1389
361
289
904
196
1266
317
948
276
169
120
1780
1346
378
225
105
169
994
361
231
1544
196
286
433
373
169
153
231
253
624
729
231
324
190
78
1414
144
784
1525
1004
378
100
806
210
406
1377
137
120
624
324
1536
222
676
78
904
324
400
253
1266
767
361
55
45
340
378
256
676
298
276
225
78
918
484
91
133
662
286
1004
190
190
1482
136
45
105
441
171
529
78
190
441
120
300
289
357
438
576
172
119
286
784
1266
234
231
171
1102
66
192
114
329
340
276
1290
190
1698
729
400
676
45
210
930
276
196
406
332
1625
714
169
406
522
91
196
640
542
55
225
904
361
289
1544
351
517
300
188
729
1404
729
441
429
156
1762
884
228
351
169
227
189
256
397
171
606
105
1368
105
55
81
548
100
234
196
378
806
483
624
121
306
406
548
276
400
144
625
120
144
120
548
1666
419
188
1205
484
196
340
1404
784
1108
144
484
625
1004
784
253
286
484
225
340
784
1854
625
190
398
188
171
105
878
269
144
576
120
484
1698
188
225
188
859
169
1534
823
624
325
120
196
253
234
1817
144
591
169
144
114
378
333
324
276
276
812
340
1467
45
120
55
120
256
128
684
171
400
529
706
548
784
196
904
489
324
917
1719
136
150
484
289
729
325
153
610
191
676
1268
114
225
121
529
171
904
1281
806
806
144
361
714
313
178
324
216064593
