693
1264
255
1239
213
248
975
606
374
1671
727
150
1298
751
350
334
993
201
98
867
231
970
564
709
591
559
1313
1161
244
851
170
1128
599
180
558
709
202
228
1352
1404
146
674
300
534
224
535
236
249
749
534
561
635
573
365
315
945
183
1649
642
1043
1339
650
1224
509
1240
387
1727
689
1469
1507
99
143
306
411
344
496
1452
1095
761
1300
917
1591
988
369
1009
602
849
384
1088
1186
418
1586
185
637
549
431
605
480
156
113
1140
1193
1553
559
1087
283
440
1576
1342
726
671
185
81
661
570
122
1221
261
317
430
519
799
254
170
636
471
485
440
116
492
372
1382
418
1439
1270
1045
1401
991
972
216
475
429
410
972
382
494
512
1643
275
401
145
417
1599
428
1129
1122
1450
487
1635
110
1418
541
1729
290
210
1547
691
145
466
892
1635
376
1151
629
1059
149
384
1388
389
1189
496
118
212
579
446
1449
433
1312
136
442
824
236
910
1214
579
399
1046
764
535
508
1543
1267
765
1752
129
1205
533
256
1286
547
145
796
146
1581
394
971
255
845
1602
588
462
1419
277
858
599
865
323
185
380
107
742
154
208
145
522
1743
226
942
144
1116
962
1196
910
265
1471
994
265
863
575
143
1408
867
712
179
941
100
1496
260
1287
1179
306
970
897
111
1165
164
750
126
951
1263
219
179
517
837
347
971
209
660
579
1384
524
408
1098
466
950
245
475
945
96
1432
796
315
230
112
286
1399
567
393
107
610
326
136
283
197
1104
330
115
1160
536
545
555
471
451
1511
1393
167
368
161
378
701
278
583
1084
1657
108
789
110
365
332
1424
142
796
165
95
105
1252
1592
501
90
807
534
203
1189
1551
551
1257
352
503
635
734
603
145
117
1211
612
1366
1390
748
107
593
261
132
369
500
762
1255
986
785
102
273
429
1629
772
81
808
1428
1111
1141
331
507
1094
861
806
1387
930
280
299
725
130
475
355
498
1211
1127
1236
178
267
532
981
1258
444
257
515
269
1898
636
318
383
124
452
1139
1069
1345
324
558
970
594
493
891
914
1481
110
1109
1113
1619
300
679
206
985
194
895
223
231
375
779
419
416
1017
180
1188
245
552
626
646
96
350
293
515
156
1662
281
229
1448
395
166
1535
1588
162
701
330
240
1539
1352
199
385
240
934
587
146
1010
828
280
1055
579
200
1234
980
601
1092
329
360
1153
312
1315
916
993
240
181
1415
1682
535
215
763
245
288
737
243
1388
146
499
315
499
458
231
875
138
873
520
262
1365
1347
1571
586
160
1192
292
193
486
704
309
204
367
1505
1542
1513
1274
329
1432
244
963
166
135
912
752
925
898
541
576
790
410
145
1526
538
1691
306
198
373
841
138
561
1540
1034
274
325
377
390
346
735
1513
1538
849
168
328
920
1423
1493
1297
609
1334
175
285
1100
555
853
177
1163
441
575
829
429
989
966
422
1644
1577
468
465
691
352
1506
1384
722
115
118
413
1036
770
441
93
456
277
102
931
1409
428
1006
1494
1626
940
225
158
226
1523
268
249
1077
623
135
1662
619
172
196
1107
1321
148
929
1032
1186
225
805
205
890
301
408
108
797
146
473
650
1624
125
103
586
576
114
360
279
415
1157
897
307
541
960
1355
338
934
216
394
1115
1240
95
231
1214
466
214
834
1040
201
1587
1525
200
1389
107
847
444
1506
850
264
1504
1362
278
819
162
1028
133
286
348
308
631
151
1478
762
323
835
123
206
538
1150
322
450
732
338
484
284
1165
360
112
469
229
317
717
219
248
766
791
401
393
365
350
1630
758
293
549
619
747
815
930
1438
1329
555
652
138
1078
1450
152
1142
1250
537
414
1154
1489
1330
558
224
661
180
291
1542
210
460
1266
368
379
405
478
1501
555
382
448
981
538
1680
243
220
592
456
377
101
129
1620
441
1087
393
1636
146
271
501
119
219
162
1210
407
102
434
373
645
113
1754
1362
813
708
1302
265
860
1588
336
1500
1620
1309
1115
279
183
1540
696
641
591
245
132
1516
514
448
660
747
201
108
145
120
871
151
107
1149
227
278
597
699
629
918
1622
540
426
105
118
1332
975
1271
1597
305
1346
217
170
1381
235
1520
715
362
1066
1619
1183
1039
675
165
175
802
206
1199
1511
872
301
1263
1120
198
150
1337
1276
775
529
735
564
852
99
209
938
778
102
127
1210
355
413
1325
423
422
223
1220
1181
1582
428
863
1291
581
1475
480
279
297
584
201
276
1481
206
724
930
618
708
493
264
826
1434
736
949
279
984
1452
222
1189
203
1044
157
1244
763
305
1198
1312
544
1428
203
196
1109
712
736
290
361
306
590
787
291
648
986
1825
225
1740
1061
1395
678
1090
327
169
317
150
189
570
1337
148
859
979
517
481
1309
769
493
238
376
1163
1095
600
1306
599
1447
523
1294
1161
1366
1879
1384
234
430
647
601
623
415
113
1528
1316
248
566
296
768
466
311
136
98
375
101
1587
95
633
146
174
1687
1428
252
1147
302
944
97
305
1161
408
830
853
967
295
101
1523
351
113
444
727
150
249
487
1228
1459
218
511
705
228
502
1229
547
216
1053
717
146
270
1320
1531
276
480
431
187
995
386
1647
171
968
1279
333
402
200
1376
1685
1028
170
241
120
270
1060
1421
126
829
496
1589
147
358
428
731
647
1622
149
1416
966
254
1793
234
127
1315
1074
1622
1025
131
139
158
1289
553
430
518
1191
357
999
420
459
907
215
425
91
682
1259
352
941
1578
424
1027
104
270
210
198
242
109
114
153
115
480
750
930
1047
1264
1497
409
734
1224
102
117
142
107
641
666
167
1265
736
1482
1748
963
626
1541
818
1335
872
353
226
400
1153
1597
1222
432
1499
1109
1192
232
385
437
1008
893
799
1247
385
846
186
1153
135
179
107
810
1804
470
518
420
1586
1119
1286
500
500
132
1508
384
225
527
1352
1465
613
424
410
328
1265
368
363
1121
1567
530
288
425
143
300
352
218
378
206
677
913
1493
266
414
1719
135
220
265
101
235
1381
797
1237
1417
1166
300
155
986
1107
223
267
231
397
121
1321
1506
1218
481
1344
791
627
1735
359
921
1409
1713
374
341
359
1045
186
303
1079
363
293
120
589
145
228
190
579
976
1115
1130
339
1459
247
465
1166
853
175
584
978
1701
1100
476
399
645
146
1630
1118
1597
207
1409
742
477
1476
238
683
192
1492
122
998
180
573
225
232
1112
963
347
1554
679
146
726
660
389
431
254
367
159
390
1039
1521
362
287
561
386
143
573
1025
120
1362
113
666
556
364
318
528
1653
469
374
1579
105
855
1239
107
183
992
1495
722
1026
1644
1412
324
1045
568
128
923
223
1542
1380
1539
161
735
654
202
169
1107
355
364
254
368
515
1287
857
687
945
1096
1095
721
563
250
623
1411
871
1367
419
874
484
1561
1346
191
85
141
178
560
1431
160
212
404
200
614
171
213
479
1244
167
1362
157
182
1484
205
372
128
611
197
1147
433
673
489
576
1472
215
218
134
92
1183
1454
177
237
160
621
1518
330
173
110
1751
146
1435
781
871
178
295
1144
754
147
1447
491
1494
132
119
228
632
932
472
323
1442
622
966
1587
1299
444
1588
332
1385
1136
1059
96
429
1591
589
1203
248
1142
1278
156
633
695
1187
808
158
324
1302
486
228
1005
1126
1393
141
121
299
1373
225
946
1082
1422
1602
922
450
122
149
293
1204
131
1454
651
199
718
764
1088
576
172
774
648
175
996
753
1122
107
501
812
912
123
166
224
291
203
1325
376
333
1052
988
313
593
352
399
134
878
349
1716
977
1127
1129
509
1301
921
776
353
614
1569
140
403
1837
354
1143
512
304
236
750
159
1347
1384
487
135
290
406
767
504
231
180
1626
1572
205
909
254
510
326
122
495
426
1361
340
294
841
438
179
1313
276
147
862
1384
533
1530
235
186
1029
588
696
578
231
951
1870
313
210
1349
604
565
478
1060
414
1728
176
1543
1285
413
570
243
400
1146
607
187
1132
470
506
1190
140
194
140
1083
520
247
979
216
155
478
146
202
932
278
1241
430
1215
224
703
1058
545
600
1527
393
524
594
969
564
539
394
247
1072
323
1013
600
193
1478
824
553
301
913
1625
981
497
1608
540
302
295
261
325
997
497
615
492
101
1120
909
1185
746
321
415
1658
143
153
236
1247
913
453
869
214
1128
95
397
1360
179
343
418
1431
1650
470
184
260
128
739
284
219
1342
207
316
170
585
1528
300
258
545
1245
1102
402
337
443
1422
133
144
802
1588
1507
1090
316
362
1729
460
363
1188
1422
705
856
1340
844
538
193
1415
299
222
111
302
1725
365
107
1230
686
572
1343
785
1579
346
707
90
537
1346
332
749
289
1601
1225
562
512
668
119
1237
189
371
950
673
1173
386
1211
185
261
184
109
445
638
991
433
167
818
1102
393
1008
792
442
283
667
104
1433
109
628
283
832
1329
1676
1405
1232
558
289
1673
1290
229
803
196
160
224
658
320
1311
630
314
213
642
97
104
1254
543
205
174
362
1283
655
454
156
777
1204
137
1012
262
1212
164
358
862
594
216
404
120
845
523
143
191
1652
454
912
154
131
321
536
140
892
813
312
1477
225
1079
802
1531
169
333
608
754
558
271
476
1348
1398
164
1577
531
1131
297
208
225
1198
1692
439
424
1114
1029
635
281
188
199
135
544
115
300
1068
178
1594
1203
1034
1056
285
873
1612
631
874
255
1369
935
402
654
160
190
973
1181
1022
1103
137
1727
394
1645
854
164
1476
958
151
464
439
536
645
181
671
590
341
101
728
842
2106
365
342
898
667
579
584
1195
436
240
817
280
442
1038
781
1485
208
684
1285
1124
386
225
1030
1098
695
272
213
676
118
378
782
174
1122
1179
481
697
600
500
680
670
176
618
251
1025
978
1426
551
302
406
389
1020
269
173
299
365
247
410
167
1017
617
1591
1556
1401
792
598
897
1232
137
198
1056
274
286
450
185
951
373
828
1266
374
226
819
264
342
239
254
1497
180
282
545
368
713
1234
1003
901
1349
1588
94
1568
1287
467
852
236
1271
101
320
1049
296
178
203
247
1191
370
996
331
176
1162
793
811
683
290
964
906
1238
1101
1019
399
822
473
826
1507
654
1255
324
195
342
263
1613
144
546
1261
455
137
1505
515
1017
229
655
1284
315
622
1566
289
660
262
499
721
1156
369
1472
1376
357
161
119
900
592
1586
1610
1309
268
598
417
397
787
990
439
392
642
401
164
309
314
695
114
249
1216
777
773
1042
581
1751
1048
1611
472
1193
393
241
1289
859
352
1170
1002
860
550
1072
630
390
704
1206
1484
92
249
537
227
1529
443
1228
480
1269
352
581
374
114
1116
111
542
550
1499
350
1258
660
1171
256
1259
1486
383
1310
415
574
979
1241
334
1257
1245
275
850
755
242
1445
455
460
952
196
230
121
247
1310
1423
180
261
716
1294
219
1293
1664
723
352
144
732
1720
236
1457
233
641
1294
1249
820
873
1175
180
1247
1019
496
878
1187
419
296
494
608
812
798
127
1189
1444
281
940
1722
304
1033
210
387
1729
874
255
171
571
895
682
1628
982
104
1529
256
1619
269
115
1516
1057
115
1315
1821
348
128
1121
914
492
145
1457
1055
257
445
313
351
1209
324
420
415
495
1170
1624
449
105
672
884
124
983
608
503
1731
654
1440
716
1193
436
342
653
934
1171
756
1387
1667
743
779
1396
330
150
381
758
745
1071
890
1485
498
961
173
1215
1389
670
355
487
704
753
1271
243
364
155
838
472
544
696
736
343
402
190
217
568
1536
984
122
325
728
1699
450
110
490
118
1379
1203
139
1040
1096
323
763
96
424
1241
89
923
137
1977
279
208
854
1512
1411
110
1591
1038
996
721
436
251
121
435
1354
270
240
964
223
285
128
1313
1381
1069
218
752
943
1303
722
667
145
1111
1080
1086
1697
630
1047
1109
269
1217
495
405
1257
627
285
932
243
383
1572
868
1536
1257
534
489
1346
632
348
1256
1495
1809
1104
554
1185
196
1718
896
1106
843
426
1198
1506
597
1271
307
890
283
310
128
492
307
318
121
158
495
1384
264
123
235
378
109
1459
658
1175
539
1266
235
290
349
121
1219
386
666
893
636
287
862
178
1437
1659
485
337
1408
99
229
578
1463
168
151
920
482
441
104
1765
145
835
567
434
1204
120
173
249
832
490
424
369
1111
666
226
1626
319
151
1551
927
402
1632
195
1338
445
741
1514
939
874
454
1707
444
227
187
1153
169
244
907
599
657
980
796
250
100
213
182
1528
271
1244
1024
324
528
1166
389
1259
679
1103
218
423
868
265
1243
259
1295
890
660
1356
252
1170
1422
285
186
1336
307
1059
669
932
306
818
191
950
1276
613
327
606
636
1640
491
992
1068
109
1186
1343
156
205
581
602
522
711
155
126
899
1487
101
1398
1506
695
1523
1321
280
519
562
875
201
1298
532
1473
689
1444
145
850
191
216
238
1378
1111
257
733
270
146
1447
1102
1653
764
586
1002
585
886
513
1581
432
788
135
1024
890
269
1005
236
522
602
1360
376
93
1817
1496
1366
1410
431
193
133
471
676
615
550
1381
551
629
203
1459
991
1615
922
1535
718
1034
832
177
221
1133
1032
946
1544
965
1438
1220
1051
599
602
1199
540
108
738
1548
1547
1251
464
150
383
84
1442
1225
135
1683
1304
779
957
1690
1091
422
933
108
806
717
1011
103
1334
491
795
348
603
177
366
621
361
213
742
696
182
1494
183
1084
1116
411
366
1524
1794
713
345
231
816
713
534
220
1200
741
131
143
461
463
441
736
1472
314
952
723
230
326
110
1282
336
566
374
964
1038
98
506
333
395
1098
1066
389
389
295
126
1734
141
136
579
368
101
1764
673
230
1861
660
274
253
508
276
205
219
581
707
324
307
1092
1720
1745
396
456
1566
1037
566
362
799
139
1625
926
1471
1685
1473
1538
426
766
900
1466
1178
515
154
301
461
870
209
242
1128
210
1332
147
634
237
395
226
861
339
143
117
286
238
237
476
195
162
1425
972
1015
905
113
218
103
432
136
600
145
233
1033
1050
214
427
506
1042
650
158
487
964
1541
833
741
310
309
310
251
1210
200
851
1243
564
138
954
956
752
693
755
181
353
253
894
1332
413
1255
536
151
151
1449
137
987
238
666
833
429
400
1319
646
557
236
142
161
156
194
1368
1093
1628
529
104
507
1106
787
119
103
111
735
372
981
1637
919
292
469
397
689
665
659
396
568
108
122
551
367
1153
1046
702
625
1116
403
175
426
113
1678
1231
364
162
941
664
858
426
932
118
1332
1325
1397
1160
1356
305
1578
136
1519
1476
307
629
402
338
848
1440
153
1053
868
573
611
721
724
268
1132
664
358
500
1192
1659
234
673
723
762
173
305
1152
96
584
299
713
300
154
544
1484
664
481
192
134
639
1115
456
655
1297
315
188
1012
1287
266
1153
321
86
936
731
939
1753
710
133
1487
1235
247
1082
142
1462
108
1309
665
1579
1319
596
406
96
386
637
1199
1100
1351
1580
1484
151
584
149
234
668
1818
1191
857
1707
1103
695
462
362
339
183
621
1023
495
1220
764
306
172
314
560
877
702
650
740
528
1535
326
1265
1377
198
281
713
1047
1015
832
1009
130
782
1134
1131
419
524
306
811
723
1169
1560
466
1881
1312
156
1462
794
501
97
258
984
638
1478
166
1492
347
1025
1056
240
535
151
595
101
105
1145
192
472
1004
401
1043
610
484
211
1021
1015
180
821
1629
246
171
1070
730
1224
1458
683
571
327
147
139
628
160
955
415
1106
266
238
1461
222
1105
1167
411
405
882
1406
221
155
619
111
174
191
951
1114
969
1340
432
860
589
176
689
545
1200
767
258
211
387
1111
330
265
1410
674
205
1311
481
1128
227
795
293
987
123
639
409
903
483
990
172
453
230
706
489
623
389
472
1027
1538
150
470
355
160
990
894
1373
560
325
115
192
458
386
108
240
1897
497
678
368
468
413
209
343
140
1325
432
1324
303
1283
556
943
349
694
129
1003
1308
1167
230
1199
1131
722
567
833
270
866
446
180
991
205
571
183
202
1588
548
158
1260
1326
705
895
190
1727
694
1000
1596
474
489
165
311
346
775
657
1144
361
958
460
188
821
684
319
859
695
1235
255
1311
1219
393
842
301
490
1228
161
487
191
527
225
731
1359
952
336
153
1426
1214
701
111
1534
120
330
838
279
97
753
263
101
148
1857
1002
385
898
224
150
528
701
847
373
628
1089
1504
277
221
873
986
238
1575
1008
1542
94
678
938
352
151
446
412
207
169
618
323
212
913
945
1074
111
1091
279
433
747
1004
1441
1357
1540
1053
1689
414
175
916
1126
164
410
243
270
118
875
243
512
147
556
117
1255
1621
179
1646
1533
706
722
520
178
139
464
914
321
863
769
739
283
941
914
184
1624
242
106
179
1269
185
1230
1474
377
1287
1389
655
1065
141
366
1116
1464
1464
697
944
296
456
398
792
255
558
731
343
735
170
316
762
737
793
854
933
889
97
1547
157
698
1162
679
1142
346
210
724
1713
182
963
253
125
1412
1561
208
103
531
193
1493
1127
134
927
1205
227
1256
784
278
1421
776
279
1432
195
960
632
945
145
106
1419
782
864
1591
117
220
417
1012
234
747
850
577
1314
1406
777
1012
929
1134
462
1741
150
98
1344
196
1699
749
302
1243
404
1054
408
569
591
229
150
923
1026
506
104
188
203
577
1028
1268
1579
144
1221
1290
160
1334
647
101
1507
110
1200
146
311
840
360
189
792
1337
892
310
100
138
124
152
322
295
667
488
275
437
376
183
1524
904
957
1068
1205
1072
520
159
893
841
693
160
1578
158
1583
113
122
112
140
846
728
1022
985
820
293
183
733
656
821
1553
132
1095
105
947
1395
339
137
298
322
777
1102
687
1098
1067
187
1203
215
337
742
503
233
1127
364
202
119
865
1798
269
514
991
1522
142
261
1396
409
133
388
699
311
537
1320
1103
676
1156
594
1398
1611
1322
559
896
399
693
985
270
1309
624
153
351
926
633
184
1053
1600
265
767
732
676
244
176
1026
1431
115
1205
539
514
826
273
1377
678
487
691
1637
872
1142
1884
226
1220
987
341
924
870
253
1728
728
1384
1511
650
611
225
1127
1116
222
1228
380
450
262
740
209
682
147
222
1126
809
1344
419
1728
193
268
268
1390
590
304
236
192
647
450
337
364
1360
1393
355
647
114
1157
1450
460
355
307
1326
670
1642
344
889
136
801
786
295
1219
610
814
813
337
118
1523
1314
134
283
189
542
802
1724
1767
1476
601
506
255
125
666
211
161
947
357
553
608
1183
1337
139
729
724
467
350
1210
131
1445
495
450
108
109
1517
198
1239
1241
793
135
544
1014
584
771
768
1219
348
1480
1181
531
463
1192
107
218
1305
1568
729
220
212
116
267
828
794
322
394
1338
899
1698
951
441
395
423
398
1375
304
212
238
463
489
157
169
1643
201
217
752
328
114
1592
269
372
365
880
1646
929
566
1245
432
252
458
1514
324
1054
1096
315
463
110
592
520
1552
844
1360
1344
352
213
288
1263
113
1476
569
337
111
420
761
176
180
694
1631
687
255
435
1110
437
531
640
1305
864
1624
636
631
703
402
1410
90
1920
300
1576
147
1710
208
493
168
652
391
846
959
1256
720
833
179
202
270
1384
567
297
222
996
517
249
654
836
355
1119
1013
487
1108
875
1390
355
715
201
653
336
571
1310
1338
510
356
292
410
1979
393
199
1261
1028
432
1329
737
521
1235
546
1349
105
1637
139
448
307
349
1678
912
886
190
570
868
1546
294
227
1135
1412
543
1447
142
620
258
623
454
1537
122
1116
625
376
758
571
114
1054
167
1571
487
217
688
1543
267
1323
1024
111
231
450
143
1030
223
786
394
574
596
133
148
318
245
152
252
130
457
152
1149
764
1022
1462
1752
177
444
451
583
533
585
662
1376
426
800
120
880
202
129
1578
445
1335
1519
148
193
585
574
99
200
499
1378
307
1098
126
147
1157
1121
1553
849
1636
346
502
1201
1222
1547
718
875
1442
1500
372
1141
307
501
1349
1270
1326
1260
419
299
567
120
400
1442
745
202
986
874
764
556
1377
1213
768
306
115
205
86
1365
351
915
194
104
1626
105
447
422
586
104
305
439
257
538
1712
513
1174
1378
559
94
145
408
253
218
472
1388
141
921
1177
1122
1151
669
445
898
285
942
772
1508
569
1152
878
409
665
705
1242
436
135
838
355
389
956
174
519
1504
546
1583
1409
698
1552
778
1592
133
622
611
1088
1651
311
741
110
1505
104
866
411
121
861
927
343
1439
480
291
1348
799
371
510
733
265
169
306
1430
655
1647
546
1609
1365
520
218
524
489
655
293
619
942
1787
1270
225
546
1668
686
95
373
531
319
797
1197
999
199
123
239
836
367
143
1586
596
1168
174
98
103
399
127
1651
899
289
204
1252
639
164
208
246
339
895
1698
410
987
148
1200
815
668
1257
694
237
1045
222
485
511
109
438
941
1564
1119
1645
461
821
116
1535
417
443
532
700
668
1249
140
112
526
600
380
1578
919
239
188
164
1600
1190
1058
481
1536
568
271
928
505
890
144
1572
162
534
1384
148
1238
184
675
551
855
353
150
537
363
281
446
449
214
900
104
168
1003
139
395
1000
142
589
321
118
634
213
105
1499
218
376
225
489
400
769
222
716
110
501
647
542
1440
286
120
662
1470
1041
727
1232
329
379
1606
741
474
955
201
568
241
146
117
868
501
1318
854
518
463
765
527
1646
655
1369
123
889
1250
684
249
506
143
1534
219
1351
364
1418
319
405
806
1367
1125
753
1391
474
686
1471
366
408
1282
392
611
517
314
1044
683
741
573
115
1064
515
986
799
492
587
311
1476
259
1477
126
1204
355
1319
213
1310
720
317
1618
1518
243
239
179
96
1450
1419
342
229
203
291
796
1205
762
489
764
1412
188
681
659
595
198
323
1146
142
447
1231
648
496
1571
171
169
349
321
1004
218
1557
1386
209
136
547
1074
1417
1119
313
1227
417
110
420
615
260
315
492
221
738
488
744
213
1457
925
690
521
1207
1169
786
434
1158
187
129
83
150
468
1367
500
856
275
515
1477
487
524
250
697
345
747
1577
750
1435
274
395
437
189
627
639
1756
443
313
1136
807
635
123
1283
321
627
416
741
1016
1211
538
900
183
216
219
181
87
1519
1288
516
450
1353
1040
107
1532
127
348
1449
541
585
1126
460
238
727
143
816
470
122
1558
1489
123
1052
1058
934
282
411
1521
102
1174
102
269
1090
1081
1395
1268
384
183
1138
910
1975
288
619
1141
270
1244
1514
1550
568
320
401
923
1704
717
349
245
253
187
888
570
792
1733
862
207
211
588
273
846
1501
341
1223
1054
192
1722
117
1044
526
1659
242
1503
279
147
321
151
446
452
439
307
612
1302
87
1045
1248
1317
117
1273
441
1688
615
1361
1013
1612
431
1027
1835
193
217
1783
1111
1184
1211
321
1472
565
473
761
961
534
180
114
388
770
786
833
1707
1234
229
106
1592
247
504
301
180
139
754
274
104
415
400
779
1031
1217
422
583
808
994
626
516
440
553
240
369
1478
213
951
1063
1611
1159
566
257
189
391
245
163
261
466
720
171
558
866
523
1326
436
1487
407
282
550
177
134
396
1609
108
389
1563
977
1248
374
524
821
700
115
279
612
288
349
424
111
1262
543
190
1320
421
343
466
335
240
666
345
416
1399
141
311
331
1283
247
603
1170
617
165
741
1657
1157
265
147
328
401
1543
901
1529
846
1403
415
1640
674
1002
886
1047
1588
112
373
508
464
1183
237
145
804
309
1375
135
1206
990
1158
509
554
1068
166
604
171
108
287
305
219
1103
343
1177
136
168
281
191
455
864
479
362
997
330
1374
892
147
490
202
226
209
114
356
543
322
754
1354
541
391
570
764
488
217
113
343
734
638
599
189
628
728
1353
118
517
198
1090
651
2195
511
957
718
308
202
180
167
188
261
1237
216
147
533
1495
1752
231
1092
1512
604
441
749
243
374
469
829
1121
1165
1433
573
1400
1288
1553
565
1050
149
1018
397
508
423
250
517
1375
389
1130
1142
277
374
961
1017
385
110
1022
315
1206
171
491
477
466
679
297
859
1405
533
1624
108
973
1769
375
1660
776
414
1044
1447
1367
1018
1355
963
138
697
994
348
1173
384
1111
134
506
892
210
951
1431
939
405
371
257
740
1154
1206
317
1081
452
531
560
130
164
1381
298
1111
149
1587
679
1403
137
1020
697
1595
1439
441
1224
919
460
593
1166
1314
675
1325
1250
783
681
1111
780
1024
791
1224
182
1551
290
1120
179
154
110
956
657
1486
305
340
897
457
315
318
125
815
971
80
199
936
246
1133
584
876
862
230
1412
478
146
940
759
1892
145
222
1119
764
263
96
1229
222
1224
1344
1005
244
165
99
729
265
361
1276
607
220
799
646
445
675
1486
300
104
638
379
257
196
484
579
1209
638
1390
586
124
435
682
316
1478
1086
574
822
134
247
1382
1095
629
482
264
219
799
569
268
1155
167
1238
171
342
1016
375
986
213
695
133
1340
1141
188
1204
738
794
110
389
835
511
240
522
1328
872
288
311
189
1121
718
190
591
1037
275
964
797
291
185
997
409
92
490
709
904
417
1705
327
248
157
1011
259
650
1409
98
1742
1195
573
1617
180
895
933
1217
368
555
1643
389
1505
294
192
176
155
896
1199
484
1672
1173
141
131
822
1605
1495
521
1477
135
209
333
1026
812
169
367
107
461
650
592
1244
315
126
706
533
859
269
492
1033
451
962
463
145
1073
858
1469
1049
1444
344
1624
684
463
817
1188
545
415
282
677
110
975
334
464
810
261
150
401
498
1060
576
1148
698
185
909
741
665
1280
202
768
301
989
1264
222
637
1387
1505
878
201
449
131
937
124
1765
611
301
203
1092
368
145
1441
1161
854
392
1147
279
466
1238
491
117
874
1581
109
851
92
1343
158
959
660
94
1657
1639
1657
1115
632
228
1419
374
1276
701
1105
864
952
1206
1151
991
271
827
522
234
763
859
103
1150
179
411
171
192
748
104
1629
912
224
999
143
846
653
719
1199
1461
1153
396
178
355
259
1287
1538
399
1129
666
207
130
644
428
136
1110
981
773
602
1382
1541
107
873
114
840
598
257
250
111
974
521
181
222
1331
572
113
225
243
475
243
1257
698
315
964
1009
370
556
391
161
393
273
356
590
653
194
1809
339
316
592
132
783
1584
1765
98
123
133
1293
1160
914
129
819
953
307
1111
142
156
1151
303
1344
1114
203
101
341
1659
1302
164
1354
892
914
1231
162
1059
230
838
135
1318
1018
263
923
584
421
107
345
1428
83
1530
1279
1243
406
240
1098
123
935
523
235
475
869
100
1317
825
356
823
942
110
171
573
1759
279
1060
870
994
824
245
173
275
136
1355
117
1465
176
1304
224
104
532
1760
499
465
1511
418
1030
519
643
1361
1607
1687
705
454
575
1112
1334
733
276
142
1677
920
278
1603
141
208
1122
341
188
1223
1163
704
938
684
235
1478
371
1222
1765
200
1312
677
430
1092
406
113
762
1858
610
645
1085
646
156
551
509
261
642
373
959
870
151
573
1661
335
714
178
841
486
586
102
1235
1350
1499
392
134
408
1261
588
1450
215
175
91
1671
1248
830
665
1210
1184
1052
859
343
106
1237
297
995
267
1222
587
1090
187
107
726
193
696
1429
399
170
128
1050
150
161
1241
139
1201
1226
309
652
390
820
178
1565
381
123
1349
1536
785
779
1443
263
284
398
696
1569
1188
804
1469
738
530
171
1525
1158
1500
450
1560
419
886
207
1329
1402
922
221
409
1436
738
129
723
1336
1457
1038
1152
1021
811
452
1556
935
202
708
1193
1071
1432
626
957
1738
496
1477
1532
1333
996
1087
1323
448
1215
1091
1263
1421
1549
781
1556
631
106
362
841
535
1002
184
906
483
709
1802
241
403
1407
1174
793
1133
101
1471
100
1583
153
1520
242
284
567
562
1030
1248
146
1138
432
460
134
607
1008
1431
103
1389
79
839
279
683
1019
598
1585
301
351
1617
209
1174
1475
509
1499
1661
1450
103
726
1291
1215
1372
156
110
107
1176
1415
223
871
102
982
1131
114
792
241
207
1703
263
1031
1136
761
1168
1086
103
275
219
152
402
1171
981
439
1124
131
86
407
721
1301
1346
368
182
344
455
1224
647
318
478
103
1789
108
235
319
1427
343
119
1685
242
1624
578
1252
108
487
532
1229
1572
1459
216
227
148
412
576
1484
309
147
892
642
1195
107
1539
426
76
157
289
147
241
1062
603
1235
641
136
1394
131
1398
981
277
529
1251
469
510
1259
384
94
392
151
434
967
1104
144
1122
1315
243
111
1146
476
1496
214
219
187
766
200
133
367
608
144
300
954
1608
574
1171
672
450
760
331
1043
1048
335
1148
1245
160
863
409
1209
1263
1295
198
371
1341
520
861
1243
1209
705
470
129
1325
108
348
726
1029
170
353
1512
551
234
272
1804
1246
391
172
1199
1519
202
992
1788
454
266
295
855
1637
349
137
886
1569
1624
1952
474
378
296
754
142
522
647
469
126
533
383
237
852
1038
1015
171
726
450
776
148
742
1113
115
1071
880
577
948
415
1689
1004
541
1018
1565
1441
133
874
264
1352
1277
206
704
822
759
712
132
761
1370
1598
161
409
746
497
1481
1459
180
1619
436
704
347
100
329
1181
307
773
645
1228
302
266
1357
626
1252
776
1465
398
109
826
153
179
298
425
1124
361
316
153
141
1076
234
529
1324
204
543
1086
1646
229
1052
404
912
179
1253
318
680
213
96
879
781
445
1487
425
804
168
824
1664
269
190
167
1100
803
363
1055
318
1444
1333
733
330
327
213
229
1442
1326
109
205
1114
145
146
777
182
398
1249
749
632
1196
122
626
833
972
344
1575
1288
1058
88
227
992
897
1599
876
486
92
840
1317
1280
278
317
1251
666
94
463
312
111
1345
507
1626
1298
1271
1322
332
193
318
290
684
769
178
317
224
121
726
337
557
837
340
538
185
729
1392
1472
160
216
714
1838
122
339
858
978
940
1052
732
1133
1527
576
612
1091
552
1028
117
1239
418
1421
1892
365
135
802
1227
211
143
281
1519
2048
1475
91
526
1290
1459
1477
414
1678
339
786
1449
1048
235
769
1066
367
147
1644
1375
1120
340
579
1264
579
1305
1258
243
498
598
352
603
1082
1256
1535
574
995
1205
1065
1016
193
632
1434
254
471
1220
985
161
515
79
278
850
1433
1965
603
1393
748
1313
1345
448
978
801
99
163
108
612
432
1041
447
1509
175
1172
1604
709
1380
494
1394
631
569
939
503
143
1556
757
141
1004
1581
728
1477
110
1316
548
108
1306
916
834
534
595
387
431
498
1634
329
346
1013
484
1326
1417
103
231
153
315
862
1307
275
862
291
170
692
170
632
426
677
373
1066
327
459
1014
1767
330
277
1167
784
416
156
1372
881
293
1087
275
116
307
304
1407
864
361
325
1610
183
1976
1075
224
442
919
286
1627
859
305
143
218
1557
1529
597
340
306
195
209
273
209
121
1205
192
1135
367
715
865
977
371
313
1537
110
1099
878
488
678
199
937
800
651
471
1563
597
244
1083
546
452
688
860
133
334
221
471
928
241
803
1154
175
819
1287
690
1043
1552
510
197
190
827
960
153
1194
1279
178
572
990
1544
1314
1120
778
240
1439
1129
736
523
683
1218
149
322
1150
785
1243
684
1615
1013
532
716
1556
180
1580
135
151
473
1101
1118
158
1670
676
137
108
1438
1476
1396
140
1546
842
1254
202
1338
388
1664
1009
1167
581
204
166
160
554
1402
254
460
1620
133
461
643
393
644
334
253
266
737
696
1050
924
684
1094
663
1111
1526
1873
158
732
892
1143
359
816
1383
1652
478
1131
757
101
275
1004
230
277
1296
718
581
516
727
94
1750
611
1509
115
614
126
311
122
101
700
1271
443
577
1119
630
239
164
581
264
890
974
297
1569
1431
216
739
463
341
666
579
281
331
635
173
377
1009
1248
620
1772
327
622
1187
590
462
1138
344
1721
580
290
1055
1379
1077
1294
108
502
144
1208
1699
231
533
1211
120
355
593
867
911
1129
244
132
625
425
608
759
433
1177
1069
484
715
1703
1737
1535
467
233
940
517
172
821
1154
1359
222
1183
771
238
1080
576
555
606
350
328
1135
1254
870
286
571
109
1595
1387
811
524
726
1501
357
860
877
1248
532
134
494
119
1058
123
172
565
805
823
231
672
1099
505
357
278
300
519
188
436
337
136
421
929
822
643
1252
198
456
448
1543
193
214
1672
577
1526
467
870
380
923
515
1063
139
551
707
301
453
303
679
1112
132
269
756
1188
336
1434
141
603
1340
1583
594
1423
631
1187
289
279
1326
298
1636
706
417
276
1142
408
485
162
864
302
1458
1166
217
224
1120
550
1100
654
706
433
1086
185
893
394
416
277
92
1023
99
604
268
152
2016
317
187
1184
202
772
1267
353
629
404
1453
1606
1226
852
761
872
104
1715
618
206
136
226
336
1009
148
260
602
616
132
1278
270
851
143
1335
250
216
1042
1019
1283
1626
1336
990
1289
792
1163
1605
136
1289
1636
310
1270
791
203
791
553
1388
336
1552
107
956
1220
362
552
1586
966
698
772
1050
144
720
1663
1313
515
1049
170
160
976
218
315
1793
1346
301
214
513
483
564
1450
160
118
1287
297
1702
452
502
105
1191
129
1370
584
199
274
622
256
1084
1075
1432
412
164
195
152
1435
1046
1020
627
1096
362
267
1549
194
140
283
1102
1067
1046
130
1498
455
769
430
231
302
1558
1469
190
496
381
1641
884
871
104
459
1244
110
352
425
948
114
1157
1374
266
1500
884
135
348
125
714
212
949
354
1643
863
278
287
507
1795
1164
117
1016
127
705
106
575
787
1689
806
283
1374
438
1188
1587
955
1233
448
520
835
1315
664
187
232
231
256
697
188
1164
746
1274
147
363
1060
298
157
695
873
1368
570
192
1176
1016
354
532
1640
384
547
1187
1224
1519
278
1106
160
1043
386
477
185
1516
1283
841
545
365
393
829
637
485
898
217
959
1699
415
108
724
142
526
319
474
1549
222
350
1037
1301
835
377
699
1554
1033
1507
503
431
143
197
533
1501
262
907
484
1473
1575
137
1376
108
326
960
667
320
691
957
188
1022
174
1074
508
460
950
1445
447
671
1692
161
210
265
743
246
271
752
1237
190
298
82
1242
434
1309
1183
346
171
333
431
94
228
527
305
634
146
1329
422
1162
204
1611
97
1421
172
385
873
227
787
656
897
337
675
1257
306
1295
1776
1344
1123
274
507
504
112
582
215
99
530
1134
403
1336
1521
293
337
753
932
483
1387
1272
221
269
108
112
687
436
210
368
177
854
917
154
266
365
216
377
1139
563
423
148
628
1442
1122
742
230
570
342
200
374
967
1104
1060
1280
1046
103
1105
1223
790
323
731
430
278
164
206
1213
237
128
1340
256
255
1440
773
553
938
214
881
1626
786
137
143
1095
673
943
299
365
1546
1453
548
569
1994
331
509
110
237
675
681
1149
444
648
1129
1422
591
1390
784
822
339
176
300
607
729
892
417
1067
516
991
541
773
687
940
146
232
210
227
481
189
906
569
719
891
1502
1351
174
677
1455
477
479
1673
392
221
1471
306
904
855
1639
972
472
553
458
145
183
339
192
685
1226
1684
630
1063
950
1008
423
1242
575
1599
486
103
1150
185
960
1223
232
1313
265
1291
744
1399
317
858
333
662
487
1646
292
1798
1625
236
1239
693
674
1431
255
541
1034
469
589
310
144
429
1064
389
1036
734
1051
253
327
415
479
1373
840
259
212
899
1536
1060
1621
907
665
1298
569
772
706
146
558
1067
517
270
1414
386
575
423
103
1686
1625
208
1331
721
1493
107
1156
110
405
805
186
254
434
286
172
1460
998
1773
319
115
1303
214
808
582
702
178
133
150
881
106
1730
296
423
216
664
708
127
1639
746
1624
323
800
673
449
385
200
1132
104
307
1655
193
1432
818
117
323
1211
516
923
1713
288
141
153
357
387
458
527
1589
1635
738
370
250
1278
206
204
1243
1443
1219
1346
626
1080
362
610
1695
197
496
1101
917
1168
123
1235
1398
961
1234
170
173
117
791
173
130
493
1324
881
655
1437
124
229
1064
494
688
895
1423
1555
684
618
860
922
353
333
847
167
1121
1357
884
347
639
286
632
298
1227
1479
460
621
763
722
1695
544
1299
999
792
280
1680
1344
621
346
252
151
333
1482
162
137
779
1391
157
167
261
400
1005
532
1484
91
201
779
259
131
1632
215
165
1183
1273
483
613
103
122
313
222
108
157
176
111
169
1005
239
696
1256
1302
1261
103
1360
630
173
856
1544
854
602
476
280
155
232
1395
404
757
1705
1014
1286
1450
963
862
339
632
655
113
863
790
426
113
1438
1366
148
148
774
133
117
390
1575
656
97
688
283
1274
646
709
141
212
1404
848
292
1248
841
186
171
1323
1152
114
848
149
270
113
263
117
894
70
256
966
732
942
135
696
767
147
529
225
147
144
934
390
889
104
1537
513
219
1156
466
1164
106
841
1309
840
1673
834
1393
193
156
215
765
482
1293
1348
109
208
184
1256
181
281
233
616
387
1166
326
1033
137
184
283
1153
688
511
673
778
387
112
483
669
480
1528
1667
342
1477
1553
1348
898
1533
1605
213
1288
543
594
1137
1221
136
958
1485
363
1390
440
491
422
1347
853
294
453
143
235
107
1378
514
649
760
680
220
329
252
315
1388
522
1289
110
1043
960
1510
175
1091
609
822
1171
749
910
472
309
94
161
1665
111
126
791
864
1478
872
340
825
1280
1551
1050
1394
1526
176
549
1568
196
139
475
169
411
327
144
321
151
106
567
341
99
418
336
729
149
1256
444
118
1296
1446
265
314
1706
1760
989
696
428
404
466
488
927
111
244
676
429
129
427
897
1133
1028
236
1503
668
339
692
553
628
456
1650
248
435
1500
1171
109
218
380
957
1374
1400
949
223
1523
342
875
1400
307
421
448
358
1478
971
118
1184
834
318
1061
1499
262
1391
320
99
1720
134
562
1506
528
200
646
139
467
236
231
145
1180
324
506
912
740
489
367
157
318
115
576
1208
1163
98
606
561
570
1705
383
392
199
424
466
461
640
261
108
435
993
153
786
1269
482
269
586
124
1174
127
305
1150
108
969
538
506
725
1745
901
1081
219
199
311
706
197
386
162
1084
109
245
1226
908
649
245
567
605
1255
197
1563
350
1587
98
421
146
1575
1792
232
702
678
924
920
482
1393
776
1604
109
189
107
869
1063
1616
1167
379
809
114
413
174
275
1253
160
955
85
1675
169
158
709
273
1452
601
249
2011
1346
1707
130
432
970
250
1061
1357
587
376
1598
272
448
161
515
351
1461
554
1595
437
488
141
1136
225
149
99
698
513
258
873
1213
598
685
111
1470
542
176
519
811
1189
1349
1795
441
1505
1598
1135
292
618
912
578
630
1813
689
339
528
781
930
507
735
711
387
152
255
788
210
210
773
1306
906
108
986
87
433
178
1087
1030
1018
347
80
300
601
429
861
982
1497
785
221
388
917
438
1273
545
519
228
298
827
274
558
709
679
543
141
913
1173
1765
1511
407
1267
315
955
353
1482
325
534
541
272
839
1058
1346
431
217
612
392
168
972
1129
799
1265
115
128
244
1365
685
888
1179
363
1552
817
411
1263
1035
567
1029
106
1653
1269
369
99
1253
1106
279
111
152
316
187
172
322
777
336
1463
1100
660
1338
481
442
630
127
911
821
911
256
290
1097
985
109
332
399
1101
415
975
825
1424
1781
538
481
766
1522
457
818
1841
632
469
888
1409
305
195
1357
622
1554
316
750
220
731
1424
555
222
629
735
185
1576
1378
352
1167
198
257
1456
746
1133
676
1575
910
291
625
698
340
561
274
504
691
1244
156
1490
739
765
1348
1744
522
1024
667
1468
887
281
202
610
185
562
406
1550
852
318
1033
312
1221
201
394
1368
147
361
888
271
961
468
235
229
145
1313
1549
1294
1102
942
355
633
908
683
148
1115
152
377
460
939
530
407
1201
458
500
892
1515
873
132
767
1128
1188
907
185
1305
120
589
234
1240
204
402
407
157
568
345
480
1531
845
233
435
489
141
1785
335
195
1487
1436
333
367
131
127
248
350
181
1735
507
525
441
143
527
214
432
855
108
742
1143
101
372
687
887
1033
290
816
117
739
745
1207
316
443
106
713
158
100
992
183
472
1311
406
1536
1426
1445
584
893
523
248
406
253
841
940
479
782
1182
393
1400
96
188
243
545
1357
1780
499
539
1080
85
496
1574
219
108
867
873
536
153
1216
1203
163
105
1182
1372
874
388
1688
816
1682
535
127
581
885
1155
132
1507
260
359
480
555
1304
355
1061
228
310
88
382
479
338
1120
685
985
1631
1205
1333
137
1067
214
1655
1395
1267
366
523
417
919
1677
463
1466
230
1529
1257
1387
91
153
615
946
1638
1117
308
1155
455
371
458
819
1093
578
557
1092
883
1220
1527
322
1301
433
652
1252
1075
126
316
1140
452
156
327
458
625
169
297
1323
816
1139
257
1131
379
480
158
876
228
383
764
99
220
1361
413
887
474
375
438
119
690
253
843
167
445
794
1180
1032
1542
843
1712
1480
447
407
1539
420
1150
1194
591
1059
712
631
207
858
123
393
174
638
1195
1068
690
228
310
1475
1392
164
1007
989
496
810
544
933
1311
126
380
231
139
235
105
178
347
208
774
1800
259
280
583
448
951
1386
504
557
327
1308
1387
947
330
237
108
1464
1565
397
1392
113
226
1633
409
240
111
270
887
81
869
1280
1554
248
787
83
1323
378
1335
180
1663
1078
466
539
137
442
1018
394
1116
1625
1235
180
235
137
300
318
535
94
1187
1715
577
549
1062
920
218
1454
699
216
696
219
1716
761
118
1503
1005
108
578
458
372
1338
201
612
509
225
124
573
511
1126
90
271
645
1072
1611
1098
888
463
174
746
1730
276
169
501
657
1304
1497
268
1014
818
923
459
536
101
221
1613
376
1325
458
912
1670
309
206
1049
1838
1590
1109
1108
1144
380
431
347
1531
518
131
764
375
1229
1585
1162
759
103
546
697
607
284
154
654
1227
1104
851
1192
291
482
462
1509
880
1070
1637
421
1514
1001
375
639
190
468
357
140
201
688
226
924
762
598
287
529
664
437
910
649
188
1571
149
1100
1035
171
634
248
1575
292
133
118
532
1110
681
732
1738
1529
1205
1994
509
169
253
473
773
1151
1610
326
355
1274
283
875
241
1094
228
200
665
1088
970
370
318
1526
1458
860
518
1021
683
178
1108
1020
696
948
1637
1176
105
870
381
826
1033
1496
1475
379
271
1008
1435
298
138
934
631
1621
118
119
620
358
1075
286
136
330
601
604
175
275
233
104
213
120
162
1476
783
1116
434
96
962
1389
151
212
203
1462
429
534
302
354
765
395
1092
157
161
1090
330
242
171
188
1226
903
255
1467
1181
691
1667
1135
422
1611
367
1313
1145
1058
539
1356
151
393
524
394
342
814
328
436
789
444
790
1777
167
959
1454
189
580
1388
118
223
756
1132
260
579
586
1533
263
282
435
1476
203
452
185
430
1099
1597
506
715
583
1384
524
501
1656
1386
180
254
655
181
431
1419
839
698
774
137
1334
95
390
740
589
1320
509
1039
1660
535
290
565
1555
1665
627
619
1334
151
391
1621
848
750
1566
110
1271
283
1809
479
911
808
416
101
455
1474
384
1128
937
848
136
1542
269
800
1057
325
1561
704
446
1243
80
125
1131
233
229
484
982
243
482
1429
180
1169
1772
438
1715
180
802
1336
238
736
1642
1173
427
953
1267
869
883
789
429
313
573
593
453
837
203
779
207
162
1213
473
1563
407
1832
985
1810
585
1401
235
981
333
661
1225
203
194
541
684
520
1029
256
680
726
209
1050
1318
856
189
140
259
874
231
789
903
851
1383
1181
244
400
943
331
254
877
105
110
163
800
681
231
191
349
782
1350
403
197
962
113
1503
937
215
838
722
379
169
1072
955
151
409
1414
993
233
1233
102
470
394
817
785
736
425
317
103
287
1880
241
340
460
579
1112
855
1662
385
177
903
121
178
234
296
1133
578
125
322
1340
266
328
754
507
368
274
682
142
667
1637
675
1008
1098
432
632
1194
1735
1333
1202
369
425
206
180
664
131
595
433
626
312
433
699
1490
231
135
190
286
609
451
1189
1154
975
181
130
182
306
638
126
822
362
734
1232
217
307
1094
172
893
1260
156
238
450
553
399
179
1105
146
356
821
192
873
1143
1348
885
1528
133
460
1484
525
727
170
1199
1538
243
118
360
96
672
511
1579
158
1057
1001
1323
351
327
1506
170
1597
1353
196
1344
232
385
1330
421
1337
1038
364
780
905
1715
311
97
449
210
482
1175
388
407
1526
1083
1001
630
886
877
634
144
418
197
1246
884
132
363
751
1542
805
1057
162
134
583
785
743
495
810
95
524
570
1196
688
261
1010
195
1345
721
1446
195
1025
193
1488
181
1345
452
883
697
789
255
678
1026
521
223
386
223
1099
811
1187
1161
484
1392
1844
1432
214
1025
1502
530
785
180
629
303
528
201
1307
111
798
974
448
582
1105
1203
492
538
752
166
106
779
715
1207
642
284
411
643
329
1509
1500
691
1011
399
326
696
1063
1244
535
542
1428
1062
919
460
457
754
1487
134
641
96
126
306
705
113
393
211
1363
382
1794
224
367
106
488
274
187
1162
159
529
1572
642
247
688
1024
281
106
450
110
140
117
1113
121
941
202
665
1457
1022
220
113
526
869
1036
839
113
798
735
505
456
283
271
810
806
706
167
1155
587
1017
168
707
1273
215
1125
1023
164
1607
184
326
1454
450
117
717
422
153
223
1200
619
876
1111
889
145
131
1342
1497
363
1262
322
717
328
164
631
816
472
693
348
1091
462
1640
767
317
301
165
1852
1527
227
209
1054
308
1472
538
892
960
1600
1162
363
178
418
122
306
768
129
1327
247
611
118
1375
565
322
830
452
1058
101
838
528
432
171
811
1148
914
555
1142
376
878
983
117
494
422
373
1396
656
224
940
214
777
422
445
749
760
948
1204
851
120
534
243
296
173
545
1319
175
812
1191
1531
881
550
1544
970
174
596
839
186
1074
1526
678
1040
364
1005
1167
529
656
624
163
1159
760
1370
1438
1102
798
1574
621
898
415
1148
284
1385
103
638
477
247
1033
311
299
448
930
245
217
653
102
691
230
709
381
379
170
371
269
192
323
551
1028
1573
123
1647
177
587
1458
449
222
949
192
810
139
180
897
765
1112
1301
398
660
1391
1642
806
340
264
1225
1054
971
336
467
354
276
1723
432
601
1497
1131
449
232
868
171
1759
133
1439
736
722
1143
422
164
1485
209
448
274
840
1552
887
1276
1147
1192
102
825
247
845
365
665
184
317
1517
804
260
399
575
319
590
747
130
203
386
1285
696
696
168
668
1218
211
1128
199
555
333
1486
782
420
974
185
432
1132
242
439
157
423
676
239
512
496
1137
1693
145
339
227
672
464
951
383
616
155
135
347
107
1152
209
1028
102
1107
839
481
981
887
585
434
516
1031
649
818
162
1251
1044
692
1252
171
213
597
624
194
800
364
1317
349
418
1032
1113
692
1056
771
572
1005
710
210
1560
1037
827
110
829
1138
385
112
890
340
1213
305
1617
949
215
870
526
823
188
463
783
152
1055
254
846
1104
1023
1461
210
115
261
1362
295
101
172
1150
1262
1044
117
253
1078
766
1098
610
114
1816
405
936
772
292
1243
776
1591
1749
1113
196
112
144
1018
515
219
415
348
1485
328
629
363
294
171
327
1311
343
383
267
457
105
289
530
221
483
1648
479
193
718
324
737
276
267
780
241
805
595
1038
813
724
639
413
1266
760
179
193
134
1320
1062
935
1130
639
110
869
226
701
567
834
1440
247
657
1714
522
1267
391
145
1009
361
1495
580
564
187
157
1288
1426
766
990
373
237
418
1009
1009
373
944
142
348
176
110
224
292
1744
1049
800
164
175
557
111
227
1331
861
879
436
448
655
1055
985
1563
356
495
860
345
153
814
702
1405
1142
125
140
764
1603
1149
1151
1710
1004
231
898
185
1806
251
292
429
307
989
1048
1300
304
136
889
788
1429
90
135
191
574
640
400
1337
1152
1540
511
192
225
209
660
1013
1653
148
654
987
815
293
1444
182
1647
549
284
250
354
284
1039
392
1068
1073
1025
1579
250
883
117
330
111
877
864
179
908
334
1065
793
1228
416
1038
116
375
719
303
1293
1229
137
1038
493
849
237
634
785
246
830
1333
1320
897
143
1360
724
1247
1651
1492
420
1141
1466
419
822
555
212
287
915
215
351
259
1452
399
603
385
269
939
617
213
348
1003
236
1661
463
160
608
87
1645
543
1608
1350
475
1054
455
329
142
1430
380
301
1276
338
1080
846
619
536
429
224
1378
1548
110
108
1140
109
1401
1060
430
1556
1545
444
194
272
869
1437
1245
718
147
406
225
1526
369
1412
217
1564
1793
525
717
266
600
184
248
192
1385
967
631
298
972
212
1146
1275
1274
1624
1134
210
486
505
627
563
99
226
128
128
1643
1164
109
789
350
769
509
1790
324
195
111
123
324
147
1491
1700
817
377
1901
164
144
817
1524
1065
144
670
333
157
110
314
1336
423
1327
132
233
1634
1056
119
105
149
1093
1432
200
539
1567
632
105
170
906
286
117
1012
117
668
168
153
946
877
813
750
104
437
748
1273
208
1307
1187
267
138
319
773
584
152
968
683
949
118
1160
809
478
182
196
1545
1040
249
674
1088
1117
208
860
101
1715
696
137
351
140
1431
224
902
195
810
412
184
511
274
1212
600
91
360
887
402
957
1308
544
815
649
1611
1159
180
706
1669
312
1573
218
97
611
631
600
466
320
1233
578
174
424
1306
458
315
1602
981
192
139
606
789
848
766
765
169
1231
347
578
438
470
930
145
928
1612
737
1541
917
171
1413
848
615
1113
716
802
1289
95
146
751
266
546
809
230
726
1164
1145
1032
153
508
1110
1015
860
543
618
434
1447
326
320
874
105
1562
1148
146
1818
334
487
193
1089
1546
238223532
